Archive member included to satisfy reference by file (symbol)

/opt/gcc-arm-none-eabi-9-2020-q2-update/bin/../lib/gcc/arm-none-eabi/9.3.1/../../../../arm-none-eabi/lib/thumb/v7-m/nofp/libc_nano.a(lib_a-exit.o)
                              /opt/gcc-arm-none-eabi-9-2020-q2-update/bin/../lib/gcc/arm-none-eabi/9.3.1/../../../../arm-none-eabi/lib/thumb/v7-m/nofp/crt0.o (exit)
/opt/gcc-arm-none-eabi-9-2020-q2-update/bin/../lib/gcc/arm-none-eabi/9.3.1/../../../../arm-none-eabi/lib/thumb/v7-m/nofp/libc_nano.a(lib_a-impure.o)
                              /opt/gcc-arm-none-eabi-9-2020-q2-update/bin/../lib/gcc/arm-none-eabi/9.3.1/../../../../arm-none-eabi/lib/thumb/v7-m/nofp/libc_nano.a(lib_a-exit.o) (_global_impure_ptr)
/opt/gcc-arm-none-eabi-9-2020-q2-update/bin/../lib/gcc/arm-none-eabi/9.3.1/../../../../arm-none-eabi/lib/thumb/v7-m/nofp/libc_nano.a(lib_a-init.o)
                              /opt/gcc-arm-none-eabi-9-2020-q2-update/bin/../lib/gcc/arm-none-eabi/9.3.1/../../../../arm-none-eabi/lib/thumb/v7-m/nofp/crt0.o (__libc_init_array)
/opt/gcc-arm-none-eabi-9-2020-q2-update/bin/../lib/gcc/arm-none-eabi/9.3.1/../../../../arm-none-eabi/lib/thumb/v7-m/nofp/libc_nano.a(lib_a-memcpy-stub.o)
                              build/queue.o (memcpy)
/opt/gcc-arm-none-eabi-9-2020-q2-update/bin/../lib/gcc/arm-none-eabi/9.3.1/../../../../arm-none-eabi/lib/thumb/v7-m/nofp/libc_nano.a(lib_a-memset.o)
                              /opt/gcc-arm-none-eabi-9-2020-q2-update/bin/../lib/gcc/arm-none-eabi/9.3.1/../../../../arm-none-eabi/lib/thumb/v7-m/nofp/crt0.o (memset)
/opt/gcc-arm-none-eabi-9-2020-q2-update/bin/../lib/gcc/arm-none-eabi/9.3.1/../../../../arm-none-eabi/lib/thumb/v7-m/nofp/libc_nano.a(lib_a-strlen.o)
                              build/SEGGER_RTT.o (strlen)
/opt/gcc-arm-none-eabi-9-2020-q2-update/bin/../lib/gcc/arm-none-eabi/9.3.1/../../../../arm-none-eabi/lib/thumb/v7-m/nofp/libnosys.a(_exit.o)
                              /opt/gcc-arm-none-eabi-9-2020-q2-update/bin/../lib/gcc/arm-none-eabi/9.3.1/../../../../arm-none-eabi/lib/thumb/v7-m/nofp/libc_nano.a(lib_a-exit.o) (_exit)

Allocating common symbols
Common symbol       size              file

defaultTaskHandle   0x4               build/freertos.o
hspi2               0x58              build/spi.o
hi2c1               0x54              build/i2c.o
uwTick              0x4               build/stm32f1xx_hal.o
xQueueRegistry      0x40              build/queue.o
pFlash              0x20              build/stm32f1xx_hal_flash.o
huart1              0x44              build/usart.o
_SEGGER_RTT         0xa8              build/SEGGER_RTT.o

Discarded input sections

 .text          0x0000000000000000        0x0 /opt/gcc-arm-none-eabi-9-2020-q2-update/bin/../lib/gcc/arm-none-eabi/9.3.1/thumb/v7-m/nofp/crti.o
 .data          0x0000000000000000        0x0 /opt/gcc-arm-none-eabi-9-2020-q2-update/bin/../lib/gcc/arm-none-eabi/9.3.1/thumb/v7-m/nofp/crti.o
 .bss           0x0000000000000000        0x0 /opt/gcc-arm-none-eabi-9-2020-q2-update/bin/../lib/gcc/arm-none-eabi/9.3.1/thumb/v7-m/nofp/crti.o
 .data          0x0000000000000000        0x4 /opt/gcc-arm-none-eabi-9-2020-q2-update/bin/../lib/gcc/arm-none-eabi/9.3.1/thumb/v7-m/nofp/crtbegin.o
 .text          0x0000000000000000       0x7c /opt/gcc-arm-none-eabi-9-2020-q2-update/bin/../lib/gcc/arm-none-eabi/9.3.1/../../../../arm-none-eabi/lib/thumb/v7-m/nofp/crt0.o
 .data          0x0000000000000000        0x0 /opt/gcc-arm-none-eabi-9-2020-q2-update/bin/../lib/gcc/arm-none-eabi/9.3.1/../../../../arm-none-eabi/lib/thumb/v7-m/nofp/crt0.o
 .bss           0x0000000000000000        0x0 /opt/gcc-arm-none-eabi-9-2020-q2-update/bin/../lib/gcc/arm-none-eabi/9.3.1/../../../../arm-none-eabi/lib/thumb/v7-m/nofp/crt0.o
 .ARM.extab     0x0000000000000000        0x0 /opt/gcc-arm-none-eabi-9-2020-q2-update/bin/../lib/gcc/arm-none-eabi/9.3.1/../../../../arm-none-eabi/lib/thumb/v7-m/nofp/crt0.o
 .ARM.exidx     0x0000000000000000       0x10 /opt/gcc-arm-none-eabi-9-2020-q2-update/bin/../lib/gcc/arm-none-eabi/9.3.1/../../../../arm-none-eabi/lib/thumb/v7-m/nofp/crt0.o
 .ARM.attributes
                0x0000000000000000       0x1b /opt/gcc-arm-none-eabi-9-2020-q2-update/bin/../lib/gcc/arm-none-eabi/9.3.1/../../../../arm-none-eabi/lib/thumb/v7-m/nofp/crt0.o
 .text          0x0000000000000000        0x0 build/main.o
 .data          0x0000000000000000        0x0 build/main.o
 .bss           0x0000000000000000        0x0 build/main.o
 .text          0x0000000000000000        0x0 build/gpio.o
 .data          0x0000000000000000        0x0 build/gpio.o
 .bss           0x0000000000000000        0x0 build/gpio.o
 .text          0x0000000000000000        0x0 build/freertos.o
 .data          0x0000000000000000        0x0 build/freertos.o
 .bss           0x0000000000000000        0x0 build/freertos.o
 .text          0x0000000000000000        0x0 build/i2c.o
 .data          0x0000000000000000        0x0 build/i2c.o
[...]
Memory Configuration

Name             Origin             Length             Attributes
RAM              0x0000000020000000 0x0000000000005000 xrw
FLASH            0x0000000008000000 0x0000000000010000 xr
*default*        0x0000000000000000 0xffffffffffffffff

Linker script and memory map

LOAD /opt/gcc-arm-none-eabi-9-2020-q2-update/bin/../lib/gcc/arm-none-eabi/9.3.1/thumb/v7-m/nofp/crti.o
LOAD /opt/gcc-arm-none-eabi-9-2020-q2-update/bin/../lib/gcc/arm-none-eabi/9.3.1/thumb/v7-m/nofp/crtbegin.o
LOAD /opt/gcc-arm-none-eabi-9-2020-q2-update/bin/../lib/gcc/arm-none-eabi/9.3.1/../../../../arm-none-eabi/lib/thumb/v7-m/nofp/crt0.o
LOAD build/main.o
LOAD build/gpio.o
LOAD build/freertos.o
LOAD build/i2c.o
LOAD build/spi.o
LOAD build/usart.o
LOAD build/stm32f1xx_it.o
LOAD build/stm32f1xx_hal_msp.o
LOAD build/stm32f1xx_hal_gpio_ex.o
LOAD build/stm32f1xx_hal.o
LOAD build/stm32f1xx_hal_rcc.o
LOAD build/stm32f1xx_hal_rcc_ex.o
LOAD build/stm32f1xx_hal_gpio.o
LOAD build/stm32f1xx_hal_dma.o
LOAD build/stm32f1xx_hal_cortex.o
LOAD build/stm32f1xx_hal_pwr.o
LOAD build/stm32f1xx_hal_flash.o
LOAD build/stm32f1xx_hal_flash_ex.o
LOAD build/stm32f1xx_hal_exti.o
LOAD build/stm32f1xx_hal_i2c.o
LOAD build/stm32f1xx_hal_spi.o
LOAD build/stm32f1xx_hal_tim.o
LOAD build/stm32f1xx_hal_tim_ex.o
LOAD build/stm32f1xx_hal_uart.o
LOAD build/system_stm32f1xx.o
LOAD build/croutine.o
LOAD build/event_groups.o
LOAD build/list.o
LOAD build/queue.o
LOAD build/stream_buffer.o
LOAD build/tasks.o
LOAD build/timers.o
LOAD build/cmsis_os.o
LOAD build/heap_4.o
LOAD build/port.o
LOAD build/SEGGER_RTT.o
LOAD build/SEGGER_RTT_printf.o
LOAD build/startup_stm32f103xb.o
LOAD /opt/gcc-arm-none-eabi-9-2020-q2-update/bin/../lib/gcc/arm-none-eabi/9.3.1/../../../../arm-none-eabi/lib/thumb/v7-m/nofp/libc_nano.a
LOAD /opt/gcc-arm-none-eabi-9-2020-q2-update/bin/../lib/gcc/arm-none-eabi/9.3.1/../../../../arm-none-eabi/lib/thumb/v7-m/nofp/libm.a
LOAD /opt/gcc-arm-none-eabi-9-2020-q2-update/bin/../lib/gcc/arm-none-eabi/9.3.1/../../../../arm-none-eabi/lib/thumb/v7-m/nofp/libnosys.a
START GROUP
LOAD /opt/gcc-arm-none-eabi-9-2020-q2-update/bin/../lib/gcc/arm-none-eabi/9.3.1/thumb/v7-m/nofp/libgcc.a
LOAD /opt/gcc-arm-none-eabi-9-2020-q2-update/bin/../lib/gcc/arm-none-eabi/9.3.1/../../../../arm-none-eabi/lib/thumb/v7-m/nofp/libc_nano.a
END GROUP
START GROUP
LOAD /opt/gcc-arm-none-eabi-9-2020-q2-update/bin/../lib/gcc/arm-none-eabi/9.3.1/thumb/v7-m/nofp/libgcc.a
LOAD /opt/gcc-arm-none-eabi-9-2020-q2-update/bin/../lib/gcc/arm-none-eabi/9.3.1/../../../../arm-none-eabi/lib/thumb/v7-m/nofp/libc_nano.a
END GROUP
LOAD /opt/gcc-arm-none-eabi-9-2020-q2-update/bin/../lib/gcc/arm-none-eabi/9.3.1/thumb/v7-m/nofp/crtend.o
LOAD /opt/gcc-arm-none-eabi-9-2020-q2-update/bin/../lib/gcc/arm-none-eabi/9.3.1/thumb/v7-m/nofp/crtn.o
                0x0000000020005000                _estack = 0x20005000
                0x0000000000000200                _Min_Heap_Size = 0x200
                0x0000000000000400                _Min_Stack_Size = 0x400

.isr_vector     0x0000000008000000      0x10c
                0x0000000008000000                . = ALIGN (0x4)
 *(.isr_vector)
 .isr_vector    0x0000000008000000      0x10c build/startup_stm32f103xb.o
                0x0000000008000000                g_pfnVectors
                0x000000000800010c                . = ALIGN (0x4)

.text           0x0000000008000110     0x1f2c
                0x0000000008000110                . = ALIGN (0x4)
 *(.text)
 .text          0x0000000008000110       0x40 /opt/gcc-arm-none-eabi-9-2020-q2-update/bin/../lib/gcc/arm-none-eabi/9.3.1/thumb/v7-m/nofp/crtbegin.o
 *(.text*)
 .text.Error_Handler
                0x0000000008000150        0x4 build/main.o
                0x0000000008000150                Error_Handler
 .text.SystemClock_Config
                0x0000000008000154       0x62 build/main.o
                0x0000000008000154                SystemClock_Config
 .text.main     0x00000000080001b6       0x24 build/main.o
                0x00000000080001b6                main
 *fill*         0x00000000080001da        0x2 
 .text.MX_GPIO_Init
                0x00000000080001dc       0x74 build/gpio.o
                0x00000000080001dc                MX_GPIO_Init
 .text.StartDefaultTask
                0x0000000008000250        0xa build/freertos.o
                0x0000000008000250                StartDefaultTask
 *fill*         0x000000000800025a        0x2 
 .text.vApplicationGetIdleTaskMemory
                0x000000000800025c       0x18 build/freertos.o
                0x000000000800025c                vApplicationGetIdleTaskMemory
 .text.MX_FREERTOS_Init
                0x0000000008000274       0x2c build/freertos.o
                0x0000000008000274                MX_FREERTOS_Init
 .text.MX_I2C1_Init
                0x00000000080002a0       0x3c build/i2c.o
                0x00000000080002a0                MX_I2C1_Init
 .text.HAL_I2C_MspInit
                0x00000000080002dc       0x64 build/i2c.o
                0x00000000080002dc                HAL_I2C_MspInit
 .text.MX_SPI2_Init
                0x0000000008000340       0x44 build/spi.o
                0x0000000008000340                MX_SPI2_Init
 .text.HAL_SPI_MspInit
                0x0000000008000384       0x78 build/spi.o
                0x0000000008000384                HAL_SPI_MspInit
 .text.MX_USART1_UART_Init
                0x00000000080003fc       0x34 build/usart.o
                0x00000000080003fc                MX_USART1_UART_Init
 .text.HAL_UART_MspInit
                0x0000000008000430       0x78 build/usart.o
                0x0000000008000430                HAL_UART_MspInit
 .text.NMI_Handler
                0x00000000080004a8        0x2 build/stm32f1xx_it.o
                0x00000000080004a8                NMI_Handler
 .text.HardFault_Handler
                0x00000000080004aa        0x2 build/stm32f1xx_it.o
                0x00000000080004aa                HardFault_Handler
 .text.MemManage_Handler
                0x00000000080004ac        0x2 build/stm32f1xx_it.o
                0x00000000080004ac                MemManage_Handler
 .text.BusFault_Handler
                0x00000000080004ae        0x2 build/stm32f1xx_it.o
                0x00000000080004ae                BusFault_Handler
 .text.UsageFault_Handler
                0x00000000080004b0        0x2 build/stm32f1xx_it.o
                0x00000000080004b0                UsageFault_Handler
 .text.DebugMon_Handler
                0x00000000080004b2        0x2 build/stm32f1xx_it.o
                0x00000000080004b2                DebugMon_Handler
 .text.SysTick_Handler
                0x00000000080004b4       0x16 build/stm32f1xx_it.o
                0x00000000080004b4                SysTick_Handler
 *fill*         0x00000000080004ca        0x2 
 .text.HAL_MspInit
                0x00000000080004cc       0x54 build/stm32f1xx_hal_msp.o
                0x00000000080004cc                HAL_MspInit
 .text.HAL_InitTick
                0x0000000008000520       0x4c build/stm32f1xx_hal.o
                0x0000000008000520                HAL_InitTick
 .text.HAL_Init
                0x000000000800056c       0x24 build/stm32f1xx_hal.o
                0x000000000800056c                HAL_Init
 .text.HAL_IncTick
                0x0000000008000590       0x18 build/stm32f1xx_hal.o
                0x0000000008000590                HAL_IncTick
 .text.HAL_GetTick
                0x00000000080005a8        0xc build/stm32f1xx_hal.o
                0x00000000080005a8                HAL_GetTick
 .text.RCC_Delay
                0x00000000080005b4       0x2c build/stm32f1xx_hal_rcc.o
 .text.HAL_RCC_OscConfig
                0x00000000080005e0      0x410 build/stm32f1xx_hal_rcc.o
                0x00000000080005e0                HAL_RCC_OscConfig
 .text.HAL_RCC_GetSysClockFreq
                0x00000000080009f0       0x6c build/stm32f1xx_hal_rcc.o
                0x00000000080009f0                HAL_RCC_GetSysClockFreq
 .text.HAL_RCC_ClockConfig
                0x0000000008000a5c      0x16c build/stm32f1xx_hal_rcc.o
                0x0000000008000a5c                HAL_RCC_ClockConfig
 .text.HAL_RCC_GetHCLKFreq
                0x0000000008000bc8        0xc build/stm32f1xx_hal_rcc.o
                0x0000000008000bc8                HAL_RCC_GetHCLKFreq
 .text.HAL_RCC_GetPCLK1Freq
                0x0000000008000bd4       0x20 build/stm32f1xx_hal_rcc.o
                0x0000000008000bd4                HAL_RCC_GetPCLK1Freq
 .text.HAL_RCC_GetPCLK2Freq
                0x0000000008000bf4       0x20 build/stm32f1xx_hal_rcc.o
                0x0000000008000bf4                HAL_RCC_GetPCLK2Freq
 .text.HAL_GPIO_Init
                0x0000000008000c14      0x220 build/stm32f1xx_hal_gpio.o
                0x0000000008000c14                HAL_GPIO_Init
 .text.HAL_GPIO_WritePin
                0x0000000008000e34        0xc build/stm32f1xx_hal_gpio.o
                0x0000000008000e34                HAL_GPIO_WritePin
 .text.HAL_NVIC_SetPriorityGrouping
                0x0000000008000e40       0x24 build/stm32f1xx_hal_cortex.o
                0x0000000008000e40                HAL_NVIC_SetPriorityGrouping
 .text.HAL_NVIC_SetPriority
                0x0000000008000e64       0x68 build/stm32f1xx_hal_cortex.o
                0x0000000008000e64                HAL_NVIC_SetPriority
 .text.HAL_SYSTICK_Config
                0x0000000008000ecc       0x2c build/stm32f1xx_hal_cortex.o
                0x0000000008000ecc                HAL_SYSTICK_Config
 .text.HAL_I2C_Init
                0x0000000008000ef8      0x1bc build/stm32f1xx_hal_i2c.o
                0x0000000008000ef8                HAL_I2C_Init
 .text.HAL_SPI_Init
                0x00000000080010b4       0xb6 build/stm32f1xx_hal_spi.o
                0x00000000080010b4                HAL_SPI_Init
 *fill*         0x000000000800116a        0x2 
 .text.UART_SetConfig
                0x000000000800116c       0x90 build/stm32f1xx_hal_uart.o
 .text.HAL_UART_Init
                0x00000000080011fc       0x5e build/stm32f1xx_hal_uart.o
                0x00000000080011fc                HAL_UART_Init
 .text.SystemInit
                0x000000000800125a        0x2 build/system_stm32f1xx.o
                0x000000000800125a                SystemInit
 .text.vListInitialise
                0x000000000800125c       0x16 build/list.o
                0x000000000800125c                vListInitialise
 .text.vListInitialiseItem
                0x0000000008001272        0x6 build/list.o
                0x0000000008001272                vListInitialiseItem
 .text.vListInsertEnd
                0x0000000008001278       0x16 build/list.o
                0x0000000008001278                vListInsertEnd
 .text.vListInsert
                0x000000000800128e       0x32 build/list.o
                0x000000000800128e                vListInsert
 .text.uxListRemove
                0x00000000080012c0       0x26 build/list.o
                0x00000000080012c0                uxListRemove
 *fill*         0x00000000080012e6        0x2 
 .text.prvResetNextTaskUnblockTime
                0x00000000080012e8       0x2c build/tasks.o
 .text.prvInitialiseNewTask
                0x0000000008001314       0x88 build/tasks.o
 .text.prvInitialiseTaskLists
                0x000000000800139c       0x68 build/tasks.o
 .text.prvAddNewTaskToReadyList
                0x0000000008001404       0xa8 build/tasks.o
 .text.prvDeleteTCB
                0x00000000080014ac       0x38 build/tasks.o
 .text.prvCheckTasksWaitingTermination
                0x00000000080014e4       0x4c build/tasks.o
 .text.prvIdleTask
                0x0000000008001530       0x28 build/tasks.o
 .text.prvAddCurrentTaskToDelayedList
                0x0000000008001558       0x98 build/tasks.o
 .text.xTaskCreateStatic
                0x00000000080015f0       0x72 build/tasks.o
                0x00000000080015f0                xTaskCreateStatic
 .text.xTaskCreate
                0x0000000008001662       0x68 build/tasks.o
                0x0000000008001662                xTaskCreate
 *fill*         0x00000000080016ca        0x2 
 .text.vTaskStartScheduler
                0x00000000080016cc       0x6c build/tasks.o
                0x00000000080016cc                vTaskStartScheduler
 .text.vTaskSuspendAll
                0x0000000008001738       0x10 build/tasks.o
                0x0000000008001738                vTaskSuspendAll
 .text.xTaskIncrementTick
                0x0000000008001748      0x118 build/tasks.o
                0x0000000008001748                xTaskIncrementTick
 .text.xTaskResumeAll
                0x0000000008001860       0xf8 build/tasks.o
                0x0000000008001860                xTaskResumeAll
 .text.vTaskDelay
                0x0000000008001958       0x4c build/tasks.o
                0x0000000008001958                vTaskDelay
 .text.vTaskSwitchContext
                0x00000000080019a4       0x98 build/tasks.o
                0x00000000080019a4                vTaskSwitchContext
 .text.xTaskGetSchedulerState
                0x0000000008001a3c       0x20 build/tasks.o
                0x0000000008001a3c                xTaskGetSchedulerState
 .text.makeFreeRtosPriority
                0x0000000008001a5c        0xc build/cmsis_os.o
 .text.osKernelStart
                0x0000000008001a68        0xa build/cmsis_os.o
                0x0000000008001a68                osKernelStart
 .text.osThreadCreate
                0x0000000008001a72       0x6a build/cmsis_os.o
                0x0000000008001a72                osThreadCreate
 .text.osDelay  0x0000000008001adc        0xe build/cmsis_os.o
                0x0000000008001adc                osDelay
 *fill*         0x0000000008001aea        0x2 
 .text.prvHeapInit
                0x0000000008001aec       0x64 build/heap_4.o
 .text.prvInsertBlockIntoFreeList
                0x0000000008001b50       0x54 build/heap_4.o
 .text.pvPortMalloc
                0x0000000008001ba4       0xf0 build/heap_4.o
                0x0000000008001ba4                pvPortMalloc
 .text.vPortFree
                0x0000000008001c94       0x70 build/heap_4.o
                0x0000000008001c94                vPortFree
 .text.prvTaskExitError
                0x0000000008001d04       0x40 build/port.o
 .text.prvPortStartFirstTask
                0x0000000008001d44       0x20 build/port.o
 .text.pxPortInitialiseStack
                0x0000000008001d64       0x24 build/port.o
                0x0000000008001d64                pxPortInitialiseStack
 *fill*         0x0000000008001d88        0x8 
 .text.SVC_Handler
                0x0000000008001d90       0x24 build/port.o
                0x0000000008001d90                SVC_Handler
 .text.vPortEnterCritical
                0x0000000008001db4       0x44 build/port.o
                0x0000000008001db4                vPortEnterCritical
 .text.vPortExitCritical
                0x0000000008001df8       0x2c build/port.o
                0x0000000008001df8                vPortExitCritical
 *fill*         0x0000000008001e24        0xc 
 .text.PendSV_Handler
                0x0000000008001e30       0x44 build/port.o
                0x0000000008001e30                PendSV_Handler
 .text.xPortSysTickHandler
                0x0000000008001e74       0x2c build/port.o
                0x0000000008001e74                xPortSysTickHandler
 .text.vPortSetupTimerInterrupt
                0x0000000008001ea0       0x38 build/port.o
                0x0000000008001ea0                vPortSetupTimerInterrupt
 .text.xPortStartScheduler
                0x0000000008001ed8       0xb8 build/port.o
                0x0000000008001ed8                xPortStartScheduler
 .text.Reset_Handler
                0x0000000008001f90       0x48 build/startup_stm32f103xb.o
                0x0000000008001f90                Reset_Handler
 .text.Default_Handler
                0x0000000008001fd8        0x2 build/startup_stm32f103xb.o
                0x0000000008001fd8                USBWakeUp_IRQHandler
                0x0000000008001fd8                EXTI2_IRQHandler
                0x0000000008001fd8                TIM1_CC_IRQHandler
                0x0000000008001fd8                PVD_IRQHandler
                0x0000000008001fd8                EXTI3_IRQHandler
                0x0000000008001fd8                EXTI0_IRQHandler
                0x0000000008001fd8                I2C2_EV_IRQHandler
                0x0000000008001fd8                ADC1_2_IRQHandler
                0x0000000008001fd8                SPI1_IRQHandler
                0x0000000008001fd8                TAMPER_IRQHandler
                0x0000000008001fd8                DMA1_Channel4_IRQHandler
                0x0000000008001fd8                USART3_IRQHandler
                0x0000000008001fd8                RTC_IRQHandler
                0x0000000008001fd8                DMA1_Channel7_IRQHandler
                0x0000000008001fd8                CAN1_RX1_IRQHandler
                0x0000000008001fd8                TIM4_IRQHandler
                0x0000000008001fd8                I2C1_EV_IRQHandler
                0x0000000008001fd8                DMA1_Channel6_IRQHandler
                0x0000000008001fd8                TIM3_IRQHandler
                0x0000000008001fd8                RCC_IRQHandler
                0x0000000008001fd8                TIM1_TRG_COM_IRQHandler
                0x0000000008001fd8                DMA1_Channel1_IRQHandler
                0x0000000008001fd8                Default_Handler
                0x0000000008001fd8                EXTI15_10_IRQHandler
                0x0000000008001fd8                EXTI9_5_IRQHandler
                0x0000000008001fd8                SPI2_IRQHandler
                0x0000000008001fd8                DMA1_Channel5_IRQHandler
                0x0000000008001fd8                EXTI4_IRQHandler
                0x0000000008001fd8                USB_LP_CAN1_RX0_IRQHandler
                0x0000000008001fd8                USB_HP_CAN1_TX_IRQHandler
                0x0000000008001fd8                DMA1_Channel3_IRQHandler
                0x0000000008001fd8                TIM1_UP_IRQHandler
                0x0000000008001fd8                WWDG_IRQHandler
                0x0000000008001fd8                TIM2_IRQHandler
                0x0000000008001fd8                TIM1_BRK_IRQHandler
                0x0000000008001fd8                EXTI1_IRQHandler
                0x0000000008001fd8                USART2_IRQHandler
                0x0000000008001fd8                I2C2_ER_IRQHandler
                0x0000000008001fd8                DMA1_Channel2_IRQHandler
                0x0000000008001fd8                CAN1_SCE_IRQHandler
                0x0000000008001fd8                FLASH_IRQHandler
                0x0000000008001fd8                USART1_IRQHandler
                0x0000000008001fd8                I2C1_ER_IRQHandler
                0x0000000008001fd8                RTC_Alarm_IRQHandler
 *fill*         0x0000000008001fda        0x2 
 .text.__libc_init_array
                0x0000000008001fdc       0x48 /opt/gcc-arm-none-eabi-9-2020-q2-update/bin/../lib/gcc/arm-none-eabi/9.3.1/../../../../arm-none-eabi/lib/thumb/v7-m/nofp/libc_nano.a(lib_a-init.o)
                0x0000000008001fdc                __libc_init_array
 *(.glue_7)
 .glue_7        0x0000000008002024        0x0 linker stubs
 *(.glue_7t)
 .glue_7t       0x0000000008002024        0x0 linker stubs
 *(.eh_frame)
 .eh_frame      0x0000000008002024        0x0 /opt/gcc-arm-none-eabi-9-2020-q2-update/bin/../lib/gcc/arm-none-eabi/9.3.1/thumb/v7-m/nofp/crtbegin.o
 *(.init)
 .init          0x0000000008002024        0x4 /opt/gcc-arm-none-eabi-9-2020-q2-update/bin/../lib/gcc/arm-none-eabi/9.3.1/thumb/v7-m/nofp/crti.o
                0x0000000008002024                _init
 .init          0x0000000008002028        0x8 /opt/gcc-arm-none-eabi-9-2020-q2-update/bin/../lib/gcc/arm-none-eabi/9.3.1/thumb/v7-m/nofp/crtn.o
 *(.fini)
 .fini          0x0000000008002030        0x4 /opt/gcc-arm-none-eabi-9-2020-q2-update/bin/../lib/gcc/arm-none-eabi/9.3.1/thumb/v7-m/nofp/crti.o
                0x0000000008002030                _fini
 .fini          0x0000000008002034        0x8 /opt/gcc-arm-none-eabi-9-2020-q2-update/bin/../lib/gcc/arm-none-eabi/9.3.1/thumb/v7-m/nofp/crtn.o
                0x000000000800203c                . = ALIGN (0x4)
                0x000000000800203c                _etext = .

.vfp11_veneer   0x000000000800203c        0x0
 .vfp11_veneer  0x000000000800203c        0x0 linker stubs

.v4_bx          0x000000000800203c        0x0
 .v4_bx         0x000000000800203c        0x0 linker stubs

.iplt           0x000000000800203c        0x0
 .iplt          0x000000000800203c        0x0 /opt/gcc-arm-none-eabi-9-2020-q2-update/bin/../lib/gcc/arm-none-eabi/9.3.1/thumb/v7-m/nofp/crtbegin.o

.rodata         0x000000000800203c       0x5c
                0x000000000800203c                . = ALIGN (0x4)
 *(.rodata)
 .rodata        0x000000000800203c       0x1c build/freertos.o
 *(.rodata*)
 .rodata.str1.4
                0x0000000008002058        0xc build/freertos.o
 .rodata.HAL_RCC_GetSysClockFreq.str1.4
                0x0000000008002064       0x11 build/stm32f1xx_hal_rcc.o
 *fill*         0x0000000008002075        0x3 
 .rodata.AHBPrescTable
                0x0000000008002078       0x10 build/system_stm32f1xx.o
                0x0000000008002078                AHBPrescTable
 .rodata.APBPrescTable
                0x0000000008002088        0x8 build/system_stm32f1xx.o
                0x0000000008002088                APBPrescTable
 .rodata.vTaskStartScheduler.str1.4
                0x0000000008002090        0x5 build/tasks.o
                0x0000000008002098                . = ALIGN (0x4)
 *fill*         0x0000000008002095        0x3 

.rel.dyn        0x0000000008002098        0x0
 .rel.iplt      0x0000000008002098        0x0 /opt/gcc-arm-none-eabi-9-2020-q2-update/bin/../lib/gcc/arm-none-eabi/9.3.1/thumb/v7-m/nofp/crtbegin.o

.ARM.extab
 *(.ARM.extab* .gnu.linkonce.armextab.*)

.ARM            0x0000000008002098        0x0
                0x0000000008002098                __exidx_start = .
 *(.ARM.exidx*)
                0x0000000008002098                __exidx_end = .

.preinit_array  0x0000000008002098        0x0
                0x0000000008002098                PROVIDE (__preinit_array_start = .)
 *(.preinit_array*)
                0x0000000008002098                PROVIDE (__preinit_array_end = .)

.init_array     0x0000000008002098        0x4
                0x0000000008002098                PROVIDE (__init_array_start = .)
 *(SORT_BY_NAME(.init_array.*))
 *(.init_array*)
 .init_array    0x0000000008002098        0x4 /opt/gcc-arm-none-eabi-9-2020-q2-update/bin/../lib/gcc/arm-none-eabi/9.3.1/thumb/v7-m/nofp/crtbegin.o
                0x000000000800209c                PROVIDE (__init_array_end = .)

.fini_array     0x000000000800209c        0x4
                [!provide]                        PROVIDE (__fini_array_start = .)
 *(SORT_BY_NAME(.fini_array.*))
 *(.fini_array*)
 .fini_array    0x000000000800209c        0x4 /opt/gcc-arm-none-eabi-9-2020-q2-update/bin/../lib/gcc/arm-none-eabi/9.3.1/thumb/v7-m/nofp/crtbegin.o
                [!provide]                        PROVIDE (__fini_array_end = .)
                0x00000000080020a0                _sidata = LOADADDR (.data)

.data           0x0000000020000000       0x10 load address 0x00000000080020a0
                0x0000000020000000                . = ALIGN (0x4)
                0x0000000020000000                _sdata = .
 *(.data)
 *(.data*)
 .data.uwTickFreq
                0x0000000020000000        0x1 build/stm32f1xx_hal.o
                0x0000000020000000                uwTickFreq
 *fill*         0x0000000020000001        0x3 
 .data.uwTickPrio
                0x0000000020000004        0x4 build/stm32f1xx_hal.o
                0x0000000020000004                uwTickPrio
 .data.SystemCoreClock
                0x0000000020000008        0x4 build/system_stm32f1xx.o
                0x0000000020000008                SystemCoreClock
 .data.uxCriticalNesting
                0x000000002000000c        0x4 build/port.o
                0x0000000020000010                . = ALIGN (0x4)
                0x0000000020000010                _edata = .

.igot.plt       0x0000000020000010        0x0 load address 0x00000000080020b0
 .igot.plt      0x0000000020000010        0x0 /opt/gcc-arm-none-eabi-9-2020-q2-update/bin/../lib/gcc/arm-none-eabi/9.3.1/thumb/v7-m/nofp/crtbegin.o
                0x0000000020000010                . = ALIGN (0x4)

.bss            0x0000000020000010     0x10b0 load address 0x00000000080020b0
                0x0000000020000010                _sbss = .
                0x0000000020000010                __bss_start__ = _sbss
 *(.bss)
 .bss           0x0000000020000010       0x1c /opt/gcc-arm-none-eabi-9-2020-q2-update/bin/../lib/gcc/arm-none-eabi/9.3.1/thumb/v7-m/nofp/crtbegin.o
 *(.bss*)
 .bss.xIdleStack
                0x000000002000002c      0x200 build/freertos.o
 .bss.xIdleTaskTCBBuffer
                0x000000002000022c       0x54 build/freertos.o
 .bss.pxCurrentTCB
                0x0000000020000280        0x4 build/tasks.o
                0x0000000020000280                pxCurrentTCB
 .bss.pxDelayedTaskList
                0x0000000020000284        0x4 build/tasks.o
 .bss.pxOverflowDelayedTaskList
                0x0000000020000288        0x4 build/tasks.o
 .bss.pxReadyTasksLists
                0x000000002000028c       0x8c build/tasks.o
 .bss.uxCurrentNumberOfTasks
                0x0000000020000318        0x4 build/tasks.o
 .bss.uxDeletedTasksWaitingCleanUp
                0x000000002000031c        0x4 build/tasks.o
 .bss.uxPendedTicks
                0x0000000020000320        0x4 build/tasks.o
 .bss.uxSchedulerSuspended
                0x0000000020000324        0x4 build/tasks.o
 .bss.uxTaskNumber
                0x0000000020000328        0x4 build/tasks.o
 .bss.uxTopReadyPriority
                0x000000002000032c        0x4 build/tasks.o
 .bss.xDelayedTaskList1
                0x0000000020000330       0x14 build/tasks.o
 .bss.xDelayedTaskList2
                0x0000000020000344       0x14 build/tasks.o
 .bss.xNextTaskUnblockTime
                0x0000000020000358        0x4 build/tasks.o
 .bss.xNumOfOverflows
                0x000000002000035c        0x4 build/tasks.o
 .bss.xPendingReadyList
                0x0000000020000360       0x14 build/tasks.o
 .bss.xSchedulerRunning
                0x0000000020000374        0x4 build/tasks.o
 .bss.xSuspendedTaskList
                0x0000000020000378       0x14 build/tasks.o
 .bss.xTasksWaitingTermination
                0x000000002000038c       0x14 build/tasks.o
 .bss.xTickCount
                0x00000000200003a0        0x4 build/tasks.o
 .bss.xYieldPending
                0x00000000200003a4        0x4 build/tasks.o
 .bss.pxEnd     0x00000000200003a8        0x4 build/heap_4.o
 .bss.ucHeap    0x00000000200003ac      0xc00 build/heap_4.o
 .bss.xBlockAllocatedBit
                0x0000000020000fac        0x4 build/heap_4.o
 .bss.xFreeBytesRemaining
                0x0000000020000fb0        0x4 build/heap_4.o
 .bss.xMinimumEverFreeBytesRemaining
                0x0000000020000fb4        0x4 build/heap_4.o
 .bss.xStart    0x0000000020000fb8        0x8 build/heap_4.o
 .bss.ucMaxSysCallPriority
                0x0000000020000fc0        0x1 build/port.o
 *fill*         0x0000000020000fc1        0x3 
 .bss.ulMaxPRIGROUPValue
                0x0000000020000fc4        0x4 build/port.o
 *(COMMON)
 COMMON         0x0000000020000fc8        0x4 build/freertos.o
                0x0000000020000fc8                defaultTaskHandle
 COMMON         0x0000000020000fcc       0x54 build/i2c.o
                0x0000000020000fcc                hi2c1
 COMMON         0x0000000020001020       0x58 build/spi.o
                0x0000000020001020                hspi2
 COMMON         0x0000000020001078       0x44 build/usart.o
                0x0000000020001078                huart1
 COMMON         0x00000000200010bc        0x4 build/stm32f1xx_hal.o
                0x00000000200010bc                uwTick
                0x00000000200010c0                . = ALIGN (0x4)
                0x00000000200010c0                _ebss = .
                0x00000000200010c0                __bss_end__ = _ebss

._user_heap_stack
                0x00000000200010c0      0x600 load address 0x00000000080020b0
                0x00000000200010c0                . = ALIGN (0x8)
                [!provide]                        PROVIDE (end = .)
                [!provide]                        PROVIDE (_end = .)
                0x00000000200012c0                . = (. + _Min_Heap_Size)
 *fill*         0x00000000200010c0      0x200 
                0x00000000200016c0                . = (. + _Min_Stack_Size)
 *fill*         0x00000000200012c0      0x400 
                0x00000000200016c0                . = ALIGN (0x8)

/DISCARD/
 libc.a(*)
 libm.a(*)
 libgcc.a(*)

.ARM.attributes
                0x0000000000000000       0x29
 *(.ARM.attributes)
 .ARM.attributes
                0x0000000000000000       0x1d /opt/gcc-arm-none-eabi-9-2020-q2-update/bin/../lib/gcc/arm-none-eabi/9.3.1/thumb/v7-m/nofp/crti.o
 .ARM.attributes
                0x000000000000001d       0x2d /opt/gcc-arm-none-eabi-9-2020-q2-update/bin/../lib/gcc/arm-none-eabi/9.3.1/thumb/v7-m/nofp/crtbegin.o
 .ARM.attributes
                0x000000000000004a       0x2d build/main.o
 .ARM.attributes
                0x0000000000000077       0x2d build/gpio.o
 .ARM.attributes
                0x00000000000000a4       0x2d build/freertos.o
 .ARM.attributes
                0x00000000000000d1       0x2d build/i2c.o
 .ARM.attributes
                0x00000000000000fe       0x2d build/spi.o
 .ARM.attributes
                0x000000000000012b       0x2d build/usart.o
 .ARM.attributes
                0x0000000000000158       0x2d build/stm32f1xx_it.o
 .ARM.attributes
                0x0000000000000185       0x2d build/stm32f1xx_hal_msp.o
 .ARM.attributes
                0x00000000000001b2       0x2d build/stm32f1xx_hal.o
 .ARM.attributes
                0x00000000000001df       0x2d build/stm32f1xx_hal_rcc.o
 .ARM.attributes
                0x000000000000020c       0x2d build/stm32f1xx_hal_gpio.o
 .ARM.attributes
                0x0000000000000239       0x2d build/stm32f1xx_hal_cortex.o
 .ARM.attributes
                0x0000000000000266       0x2d build/stm32f1xx_hal_i2c.o
 .ARM.attributes
                0x0000000000000293       0x2d build/stm32f1xx_hal_spi.o
 .ARM.attributes
                0x00000000000002c0       0x2d build/stm32f1xx_hal_uart.o
 .ARM.attributes
                0x00000000000002ed       0x2d build/system_stm32f1xx.o
 .ARM.attributes
                0x000000000000031a       0x2d build/list.o
 .ARM.attributes
                0x0000000000000347       0x2d build/tasks.o
 .ARM.attributes
                0x0000000000000374       0x2d build/cmsis_os.o
 .ARM.attributes
                0x00000000000003a1       0x2d build/heap_4.o
 .ARM.attributes
                0x00000000000003ce       0x2d build/port.o
 .ARM.attributes
                0x00000000000003fb       0x21 build/startup_stm32f103xb.o
 .ARM.attributes
                0x000000000000041c       0x2d /opt/gcc-arm-none-eabi-9-2020-q2-update/bin/../lib/gcc/arm-none-eabi/9.3.1/../../../../arm-none-eabi/lib/thumb/v7-m/nofp/libc_nano.a(lib_a-init.o)
 .ARM.attributes
                0x0000000000000449       0x1d /opt/gcc-arm-none-eabi-9-2020-q2-update/bin/../lib/gcc/arm-none-eabi/9.3.1/thumb/v7-m/nofp/crtn.o
OUTPUT(build/press_teaching.elf elf32-littlearm)
LOAD linker stubs
LOAD /opt/gcc-arm-none-eabi-9-2020-q2-update/bin/../lib/gcc/arm-none-eabi/9.3.1/../../../../arm-none-eabi/lib/thumb/v7-m/nofp/libc.a
LOAD /opt/gcc-arm-none-eabi-9-2020-q2-update/bin/../lib/gcc/arm-none-eabi/9.3.1/../../../../arm-none-eabi/lib/thumb/v7-m/nofp/libm.a
LOAD /opt/gcc-arm-none-eabi-9-2020-q2-update/bin/../lib/gcc/arm-none-eabi/9.3.1/thumb/v7-m/nofp/libgcc.a

.debug_info     0x0000000000000000    0x1689c
 .debug_info    0x0000000000000000      0xf4a build/main.o
 .debug_info    0x0000000000000f4a      0x426 build/gpio.o
 .debug_info    0x0000000000001370      0x574 build/freertos.o
 .debug_info    0x00000000000018e4      0xa3f build/i2c.o
 .debug_info    0x0000000000002323      0xa10 build/spi.o
 .debug_info    0x0000000000002d33      0x9bd build/usart.o
 .debug_info    0x00000000000036f0      0x288 build/stm32f1xx_it.o
 .debug_info    0x0000000000003978      0x4aa build/stm32f1xx_hal_msp.o
 .debug_info    0x0000000000003e22      0x8e4 build/stm32f1xx_hal.o
 .debug_info    0x0000000000004706      0xb67 build/stm32f1xx_hal_rcc.o
 .debug_info    0x000000000000526d      0x7d1 build/stm32f1xx_hal_gpio.o
 .debug_info    0x0000000000005a3e      0xef7 build/stm32f1xx_hal_cortex.o
 .debug_info    0x0000000000006935     0x3d26 build/stm32f1xx_hal_i2c.o
 .debug_info    0x000000000000a65b     0x1fb2 build/stm32f1xx_hal_spi.o
 .debug_info    0x000000000000c60d     0x1ef4 build/stm32f1xx_hal_uart.o
 .debug_info    0x000000000000e501      0x2f7 build/system_stm32f1xx.o
 .debug_info    0x000000000000e7f8      0xc9e build/list.o
 .debug_info    0x000000000000f496     0x32e5 build/tasks.o
 .debug_info    0x000000000001277b     0x2d66 build/cmsis_os.o
 .debug_info    0x00000000000154e1      0xe30 build/heap_4.o
 .debug_info    0x0000000000016311      0x569 build/port.o
 .debug_info    0x000000000001687a       0x22 build/startup_stm32f103xb.o

.debug_abbrev   0x0000000000000000     0x3319
 .debug_abbrev  0x0000000000000000      0x219 build/main.o
 .debug_abbrev  0x0000000000000219      0x17e build/gpio.o
 .debug_abbrev  0x0000000000000397      0x1a8 build/freertos.o
 .debug_abbrev  0x000000000000053f      0x1f1 build/i2c.o
 .debug_abbrev  0x0000000000000730      0x1f1 build/spi.o
 .debug_abbrev  0x0000000000000921      0x1f1 build/usart.o
 .debug_abbrev  0x0000000000000b12      0x106 build/stm32f1xx_it.o
 .debug_abbrev  0x0000000000000c18      0x15d build/stm32f1xx_hal_msp.o
 .debug_abbrev  0x0000000000000d75      0x21c build/stm32f1xx_hal.o
 .debug_abbrev  0x0000000000000f91      0x2ad build/stm32f1xx_hal_rcc.o
 .debug_abbrev  0x000000000000123e      0x24f build/stm32f1xx_hal_gpio.o
 .debug_abbrev  0x000000000000148d      0x37f build/stm32f1xx_hal_cortex.o
 .debug_abbrev  0x000000000000180c      0x332 build/stm32f1xx_hal_i2c.o
 .debug_abbrev  0x0000000000001b3e      0x2be build/stm32f1xx_hal_spi.o
 .debug_abbrev  0x0000000000001dfc      0x2ea build/stm32f1xx_hal_uart.o
 .debug_abbrev  0x00000000000020e6      0x153 build/system_stm32f1xx.o
 .debug_abbrev  0x0000000000002239      0x245 build/list.o
 .debug_abbrev  0x000000000000247e      0x448 build/tasks.o
 .debug_abbrev  0x00000000000028c6      0x437 build/cmsis_os.o
 .debug_abbrev  0x0000000000002cfd      0x36d build/heap_4.o
 .debug_abbrev  0x000000000000306a      0x29d build/port.o
 .debug_abbrev  0x0000000000003307       0x12 build/startup_stm32f103xb.o

.debug_loc      0x0000000000000000     0xf6f5
 .debug_loc     0x0000000000000000       0x66 build/main.o
 .debug_loc     0x0000000000000066       0x38 build/gpio.o
 .debug_loc     0x000000000000009e       0x7d build/freertos.o
 .debug_loc     0x000000000000011b       0xeb build/i2c.o
 .debug_loc     0x0000000000000206      0x108 build/spi.o
 .debug_loc     0x000000000000030e      0x108 build/usart.o
 .debug_loc     0x0000000000000416       0x20 build/stm32f1xx_it.o
 .debug_loc     0x0000000000000436       0x4d build/stm32f1xx_hal_msp.o
 .debug_loc     0x0000000000000483      0x1e1 build/stm32f1xx_hal.o
 .debug_loc     0x0000000000000664      0x7c0 build/stm32f1xx_hal_rcc.o
 .debug_loc     0x0000000000000e24      0x548 build/stm32f1xx_hal_gpio.o
 .debug_loc     0x000000000000136c      0x7af build/stm32f1xx_hal_cortex.o
 .debug_loc     0x0000000000001b1b     0x4d98 build/stm32f1xx_hal_i2c.o
 .debug_loc     0x00000000000068b3     0x2452 build/stm32f1xx_hal_spi.o
 .debug_loc     0x0000000000008d05     0x267b build/stm32f1xx_hal_uart.o
 .debug_loc     0x000000000000b380       0xff build/system_stm32f1xx.o
 .debug_loc     0x000000000000b47f       0xe5 build/list.o
 .debug_loc     0x000000000000b564     0x2224 build/tasks.o
 .debug_loc     0x000000000000d788     0x1a4c build/cmsis_os.o
 .debug_loc     0x000000000000f1d4      0x3b5 build/heap_4.o
 .debug_loc     0x000000000000f589      0x16c build/port.o

.debug_aranges  0x0000000000000000      0xf20
 .debug_aranges
                0x0000000000000000       0x30 build/main.o
 .debug_aranges
                0x0000000000000030       0x20 build/gpio.o
 .debug_aranges
                0x0000000000000050       0x30 build/freertos.o
 .debug_aranges
                0x0000000000000080       0x30 build/i2c.o
 .debug_aranges
                0x00000000000000b0       0x30 build/spi.o
 .debug_aranges
                0x00000000000000e0       0x30 build/usart.o
 .debug_aranges
                0x0000000000000110       0x50 build/stm32f1xx_it.o
 .debug_aranges
                0x0000000000000160       0x20 build/stm32f1xx_hal_msp.o
 .debug_aranges
                0x0000000000000180       0xe0 build/stm32f1xx_hal.o
 .debug_aranges
                0x0000000000000260       0x90 build/stm32f1xx_hal_rcc.o
 .debug_aranges
                0x00000000000002f0       0x58 build/stm32f1xx_hal_gpio.o
 .debug_aranges
                0x0000000000000348       0x90 build/stm32f1xx_hal_cortex.o
 .debug_aranges
                0x00000000000003d8      0x2a0 build/stm32f1xx_hal_i2c.o
 .debug_aranges
                0x0000000000000678      0x1d0 build/stm32f1xx_hal_spi.o
 .debug_aranges
                0x0000000000000848      0x200 build/stm32f1xx_hal_uart.o
 .debug_aranges
                0x0000000000000a48       0x28 build/system_stm32f1xx.o
 .debug_aranges
                0x0000000000000a70       0x40 build/list.o
 .debug_aranges
                0x0000000000000ab0      0x1a8 build/tasks.o
 .debug_aranges
                0x0000000000000c58      0x1d8 build/cmsis_os.o
 .debug_aranges
                0x0000000000000e30       0x50 build/heap_4.o
 .debug_aranges
                0x0000000000000e80       0x78 build/port.o
 .debug_aranges
                0x0000000000000ef8       0x28 build/startup_stm32f103xb.o

.debug_ranges   0x0000000000000000      0xf20
 .debug_ranges  0x0000000000000000       0x20 build/main.o
 .debug_ranges  0x0000000000000020       0x10 build/gpio.o
 .debug_ranges  0x0000000000000030       0x20 build/freertos.o
 .debug_ranges  0x0000000000000050       0x20 build/i2c.o
 .debug_ranges  0x0000000000000070       0x20 build/spi.o
 .debug_ranges  0x0000000000000090       0x20 build/usart.o
 .debug_ranges  0x00000000000000b0       0x40 build/stm32f1xx_it.o
 .debug_ranges  0x00000000000000f0       0x10 build/stm32f1xx_hal_msp.o
 .debug_ranges  0x0000000000000100       0xd0 build/stm32f1xx_hal.o
 .debug_ranges  0x00000000000001d0       0xa0 build/stm32f1xx_hal_rcc.o
 .debug_ranges  0x0000000000000270       0x48 build/stm32f1xx_hal_gpio.o
 .debug_ranges  0x00000000000002b8       0xe0 build/stm32f1xx_hal_cortex.o
 .debug_ranges  0x0000000000000398      0x2a8 build/stm32f1xx_hal_i2c.o
 .debug_ranges  0x0000000000000640      0x1c0 build/stm32f1xx_hal_spi.o
 .debug_ranges  0x0000000000000800      0x1f0 build/stm32f1xx_hal_uart.o
 .debug_ranges  0x00000000000009f0       0x18 build/system_stm32f1xx.o
 .debug_ranges  0x0000000000000a08       0x30 build/list.o
 .debug_ranges  0x0000000000000a38      0x258 build/tasks.o
 .debug_ranges  0x0000000000000c90      0x1c8 build/cmsis_os.o
 .debug_ranges  0x0000000000000e58       0x40 build/heap_4.o
 .debug_ranges  0x0000000000000e98       0x68 build/port.o
 .debug_ranges  0x0000000000000f00       0x20 build/startup_stm32f103xb.o

.debug_line     0x0000000000000000    0x11701
 .debug_line    0x0000000000000000      0x3ab build/main.o
 .debug_line    0x00000000000003ab      0x1ed build/gpio.o
 .debug_line    0x0000000000000598      0x2df build/freertos.o
 .debug_line    0x0000000000000877      0x2f4 build/i2c.o
 .debug_line    0x0000000000000b6b      0x329 build/spi.o
 .debug_line    0x0000000000000e94      0x30e build/usart.o
 .debug_line    0x00000000000011a2      0x314 build/stm32f1xx_it.o
 .debug_line    0x00000000000014b6      0x1d3 build/stm32f1xx_hal_msp.o
 .debug_line    0x0000000000001689      0x4fc build/stm32f1xx_hal.o
 .debug_line    0x0000000000001b85      0xc19 build/stm32f1xx_hal_rcc.o
 .debug_line    0x000000000000279e      0x5fe build/stm32f1xx_hal_gpio.o
 .debug_line    0x0000000000002d9c      0x652 build/stm32f1xx_hal_cortex.o
 .debug_line    0x00000000000033ee     0x54da build/stm32f1xx_hal_i2c.o
 .debug_line    0x00000000000088c8     0x244a build/stm32f1xx_hal_spi.o
 .debug_line    0x000000000000ad12     0x20c1 build/stm32f1xx_hal_uart.o
 .debug_line    0x000000000000cdd3      0x26c build/system_stm32f1xx.o
 .debug_line    0x000000000000d03f      0x422 build/list.o
 .debug_line    0x000000000000d461     0x238c build/tasks.o
 .debug_line    0x000000000000f7ed     0x1211 build/cmsis_os.o
 .debug_line    0x00000000000109fe      0x6a0 build/heap_4.o
 .debug_line    0x000000000001109e      0x5ee build/port.o
 .debug_line    0x000000000001168c       0x75 build/startup_stm32f103xb.o

.debug_str      0x0000000000000000     0x4e2b
 .debug_str     0x0000000000000000      0xb26 build/main.o
                                        0xc06 (size before relaxing)
 .debug_str     0x0000000000000b26       0xca build/gpio.o
                                        0x331 (size before relaxing)
 .debug_str     0x0000000000000bf0      0x2ad build/freertos.o
                                        0x53b (size before relaxing)
 .debug_str     0x0000000000000e9d       0x58 build/i2c.o
                                        0x7d6 (size before relaxing)
 .debug_str     0x0000000000000ef5       0x48 build/spi.o
                                        0x72d (size before relaxing)
 .debug_str     0x0000000000000f3d       0x4e build/usart.o
                                        0x73a (size before relaxing)
 .debug_str     0x0000000000000f8b       0xc4 build/stm32f1xx_it.o
                                        0x30a (size before relaxing)
 .debug_str     0x000000000000104f      0x341 build/stm32f1xx_hal_msp.o
                                        0x5bd (size before relaxing)
 .debug_str     0x0000000000001390      0x280 build/stm32f1xx_hal.o
                                        0x847 (size before relaxing)
 .debug_str     0x0000000000001610      0x1f1 build/stm32f1xx_hal_rcc.o
                                        0x696 (size before relaxing)
 .debug_str     0x0000000000001801      0x117 build/stm32f1xx_hal_gpio.o
                                        0x4b4 (size before relaxing)
 .debug_str     0x0000000000001918      0x3af build/stm32f1xx_hal_cortex.o
                                        0x963 (size before relaxing)
 .debug_str     0x0000000000001cc7      0x8d1 build/stm32f1xx_hal_i2c.o
                                       0x104a (size before relaxing)
 .debug_str     0x0000000000002598      0x518 build/stm32f1xx_hal_spi.o
                                        0xbf9 (size before relaxing)
 .debug_str     0x0000000000002ab0      0x5ea build/stm32f1xx_hal_uart.o
                                        0xd30 (size before relaxing)
 .debug_str     0x000000000000309a       0x4f build/system_stm32f1xx.o
                                        0x2ca (size before relaxing)
 .debug_str     0x00000000000030e9      0x4f7 build/list.o
                                        0x6c1 (size before relaxing)
 .debug_str     0x00000000000035e0      0xbc9 build/tasks.o
                                       0x1395 (size before relaxing)
 .debug_str     0x00000000000041a9      0x913 build/cmsis_os.o
                                       0x13bc (size before relaxing)
 .debug_str     0x0000000000004abc      0x1de build/heap_4.o
                                        0x7aa (size before relaxing)
 .debug_str     0x0000000000004c9a      0x16d build/port.o
                                        0x43b (size before relaxing)
 .debug_str     0x0000000000004e07       0x24 build/startup_stm32f103xb.o
                                         0x4a (size before relaxing)

.comment        0x0000000000000000       0x4c
 .comment       0x0000000000000000       0x4c build/main.o
                                         0x4d (size before relaxing)
 .comment       0x000000000000004c       0x4d build/gpio.o
 .comment       0x000000000000004c       0x4d build/freertos.o
 .comment       0x000000000000004c       0x4d build/i2c.o
 .comment       0x000000000000004c       0x4d build/spi.o
 .comment       0x000000000000004c       0x4d build/usart.o
 .comment       0x000000000000004c       0x4d build/stm32f1xx_it.o
 .comment       0x000000000000004c       0x4d build/stm32f1xx_hal_msp.o
 .comment       0x000000000000004c       0x4d build/stm32f1xx_hal.o
 .comment       0x000000000000004c       0x4d build/stm32f1xx_hal_rcc.o
 .comment       0x000000000000004c       0x4d build/stm32f1xx_hal_gpio.o
 .comment       0x000000000000004c       0x4d build/stm32f1xx_hal_cortex.o
 .comment       0x000000000000004c       0x4d build/stm32f1xx_hal_i2c.o
 .comment       0x000000000000004c       0x4d build/stm32f1xx_hal_spi.o
 .comment       0x000000000000004c       0x4d build/stm32f1xx_hal_uart.o
 .comment       0x000000000000004c       0x4d build/system_stm32f1xx.o
 .comment       0x000000000000004c       0x4d build/list.o
 .comment       0x000000000000004c       0x4d build/tasks.o
 .comment       0x000000000000004c       0x4d build/cmsis_os.o
 .comment       0x000000000000004c       0x4d build/heap_4.o
 .comment       0x000000000000004c       0x4d build/port.o

.debug_frame    0x0000000000000000     0x2a38
 .debug_frame   0x0000000000000000       0x58 build/main.o
 .debug_frame   0x0000000000000058       0x30 build/gpio.o
 .debug_frame   0x0000000000000088       0x58 build/freertos.o
 .debug_frame   0x00000000000000e0       0x60 build/i2c.o
 .debug_frame   0x0000000000000140       0x60 build/spi.o
 .debug_frame   0x00000000000001a0       0x60 build/usart.o
 .debug_frame   0x0000000000000200       0x88 build/stm32f1xx_it.o
 .debug_frame   0x0000000000000288       0x2c build/stm32f1xx_hal_msp.o
 .debug_frame   0x00000000000002b4      0x1cc build/stm32f1xx_hal.o
 .debug_frame   0x0000000000000480      0x190 build/stm32f1xx_hal_rcc.o
 .debug_frame   0x0000000000000610       0xe8 build/stm32f1xx_hal_gpio.o
 .debug_frame   0x00000000000006f8      0x12c build/stm32f1xx_hal_cortex.o
 .debug_frame   0x0000000000000824      0x970 build/stm32f1xx_hal_i2c.o
 .debug_frame   0x0000000000001194      0x5a0 build/stm32f1xx_hal_spi.o
 .debug_frame   0x0000000000001734      0x5c4 build/stm32f1xx_hal_uart.o
 .debug_frame   0x0000000000001cf8       0x30 build/system_stm32f1xx.o
 .debug_frame   0x0000000000001d28       0x70 build/list.o
 .debug_frame   0x0000000000001d98      0x54c build/tasks.o
 .debug_frame   0x00000000000022e4      0x58c build/cmsis_os.o
 .debug_frame   0x0000000000002870       0xac build/heap_4.o
 .debug_frame   0x000000000000291c       0xf0 build/port.o
 .debug_frame   0x0000000000002a0c       0x2c /opt/gcc-arm-none-eabi-9-2020-q2-update/bin/../lib/gcc/arm-none-eabi/9.3.1/../../../../arm-none-eabi/lib/thumb/v7-m/nofp/libc_nano.a(lib_a-init.o)

Cross Reference Table

Symbol                                            File
ADC1_2_IRQHandler                                 build/startup_stm32f103xb.o
AHBPrescTable                                     build/system_stm32f1xx.o
                                                  build/stm32f1xx_hal_rcc.o
APBPrescTable                                     build/system_stm32f1xx.o
                                                  build/stm32f1xx_hal_rcc.o
BusFault_Handler                                  build/stm32f1xx_it.o
CAN1_RX1_IRQHandler                               build/startup_stm32f103xb.o
CAN1_SCE_IRQHandler                               build/startup_stm32f103xb.o
DMA1_Channel1_IRQHandler                          build/startup_stm32f103xb.o
DMA1_Channel2_IRQHandler                          build/startup_stm32f103xb.o
DMA1_Channel3_IRQHandler                          build/startup_stm32f103xb.o
DMA1_Channel4_IRQHandler                          build/startup_stm32f103xb.o
DMA1_Channel5_IRQHandler                          build/startup_stm32f103xb.o
DMA1_Channel6_IRQHandler                          build/startup_stm32f103xb.o
DMA1_Channel7_IRQHandler                          build/startup_stm32f103xb.o
DebugMon_Handler                                  build/stm32f1xx_it.o
Default_Handler                                   build/startup_stm32f103xb.o
EXTI0_IRQHandler                                  build/startup_stm32f103xb.o
EXTI15_10_IRQHandler                              build/startup_stm32f103xb.o
EXTI1_IRQHandler                                  build/startup_stm32f103xb.o
EXTI2_IRQHandler                                  build/startup_stm32f103xb.o
EXTI3_IRQHandler                                  build/startup_stm32f103xb.o
EXTI4_IRQHandler                                  build/startup_stm32f103xb.o
EXTI9_5_IRQHandler                                build/startup_stm32f103xb.o
Error_Handler                                     build/main.o
                                                  build/usart.o
                                                  build/spi.o
                                                  build/i2c.o
FLASH_IRQHandler                                  build/startup_stm32f103xb.o
FLASH_PageErase                                   build/stm32f1xx_hal_flash_ex.o
                                                  build/stm32f1xx_hal_flash.o
FLASH_WaitForLastOperation                        build/stm32f1xx_hal_flash.o
                                                  build/stm32f1xx_hal_flash_ex.o
HAL_DBGMCU_DisableDBGSleepMode                    build/stm32f1xx_hal.o
HAL_DBGMCU_DisableDBGStandbyMode                  build/stm32f1xx_hal.o
HAL_DBGMCU_DisableDBGStopMode                     build/stm32f1xx_hal.o
HAL_DBGMCU_EnableDBGSleepMode                     build/stm32f1xx_hal.o
HAL_DBGMCU_EnableDBGStandbyMode                   build/stm32f1xx_hal.o
HAL_DBGMCU_EnableDBGStopMode                      build/stm32f1xx_hal.o
HAL_DMA_Abort                                     build/stm32f1xx_hal_dma.o
                                                  build/stm32f1xx_hal_uart.o
                                                  build/stm32f1xx_hal_spi.o
HAL_DMA_Abort_IT                                  build/stm32f1xx_hal_dma.o
                                                  build/stm32f1xx_hal_uart.o
                                                  build/stm32f1xx_hal_spi.o
                                                  build/stm32f1xx_hal_i2c.o
HAL_DMA_DeInit                                    build/stm32f1xx_hal_dma.o
HAL_DMA_GetError                                  build/stm32f1xx_hal_dma.o
                                                  build/stm32f1xx_hal_uart.o
HAL_DMA_GetState                                  build/stm32f1xx_hal_dma.o
                                                  build/stm32f1xx_hal_i2c.o
HAL_DMA_IRQHandler                                build/stm32f1xx_hal_dma.o
HAL_DMA_Init                                      build/stm32f1xx_hal_dma.o
HAL_DMA_PollForTransfer                           build/stm32f1xx_hal_dma.o
HAL_DMA_RegisterCallback                          build/stm32f1xx_hal_dma.o
HAL_DMA_Start                                     build/stm32f1xx_hal_dma.o
HAL_DMA_Start_IT                                  build/stm32f1xx_hal_dma.o
                                                  build/stm32f1xx_hal_uart.o
                                                  build/stm32f1xx_hal_spi.o
                                                  build/stm32f1xx_hal_i2c.o
HAL_DMA_UnRegisterCallback                        build/stm32f1xx_hal_dma.o
HAL_DeInit                                        build/stm32f1xx_hal.o
HAL_Delay                                         build/stm32f1xx_hal.o
HAL_EXTI_ClearConfigLine                          build/stm32f1xx_hal_exti.o
HAL_EXTI_ClearPending                             build/stm32f1xx_hal_exti.o
HAL_EXTI_GenerateSWI                              build/stm32f1xx_hal_exti.o
HAL_EXTI_GetConfigLine                            build/stm32f1xx_hal_exti.o
HAL_EXTI_GetHandle                                build/stm32f1xx_hal_exti.o
HAL_EXTI_GetPending                               build/stm32f1xx_hal_exti.o
HAL_EXTI_IRQHandler                               build/stm32f1xx_hal_exti.o
HAL_EXTI_RegisterCallback                         build/stm32f1xx_hal_exti.o
HAL_EXTI_SetConfigLine                            build/stm32f1xx_hal_exti.o
HAL_FLASHEx_Erase                                 build/stm32f1xx_hal_flash_ex.o
HAL_FLASHEx_Erase_IT                              build/stm32f1xx_hal_flash_ex.o
HAL_FLASHEx_OBErase                               build/stm32f1xx_hal_flash_ex.o
HAL_FLASHEx_OBGetConfig                           build/stm32f1xx_hal_flash_ex.o
HAL_FLASHEx_OBGetUserData                         build/stm32f1xx_hal_flash_ex.o
HAL_FLASHEx_OBProgram                             build/stm32f1xx_hal_flash_ex.o
HAL_FLASH_EndOfOperationCallback                  build/stm32f1xx_hal_flash.o
HAL_FLASH_GetError                                build/stm32f1xx_hal_flash.o
HAL_FLASH_IRQHandler                              build/stm32f1xx_hal_flash.o
HAL_FLASH_Lock                                    build/stm32f1xx_hal_flash.o
HAL_FLASH_OB_Launch                               build/stm32f1xx_hal_flash.o
HAL_FLASH_OB_Lock                                 build/stm32f1xx_hal_flash.o
HAL_FLASH_OB_Unlock                               build/stm32f1xx_hal_flash.o
HAL_FLASH_OperationErrorCallback                  build/stm32f1xx_hal_flash.o
HAL_FLASH_Program                                 build/stm32f1xx_hal_flash.o
HAL_FLASH_Program_IT                              build/stm32f1xx_hal_flash.o
HAL_FLASH_Unlock                                  build/stm32f1xx_hal_flash.o
HAL_GPIOEx_ConfigEventout                         build/stm32f1xx_hal_gpio_ex.o
HAL_GPIOEx_DisableEventout                        build/stm32f1xx_hal_gpio_ex.o
HAL_GPIOEx_EnableEventout                         build/stm32f1xx_hal_gpio_ex.o
HAL_GPIO_DeInit                                   build/stm32f1xx_hal_gpio.o
                                                  build/usart.o
                                                  build/spi.o
                                                  build/i2c.o
HAL_GPIO_EXTI_Callback                            build/stm32f1xx_hal_gpio.o
HAL_GPIO_EXTI_IRQHandler                          build/stm32f1xx_hal_gpio.o
HAL_GPIO_Init                                     build/stm32f1xx_hal_gpio.o
                                                  build/stm32f1xx_hal_rcc.o
                                                  build/usart.o
                                                  build/spi.o
                                                  build/i2c.o
                                                  build/gpio.o
HAL_GPIO_LockPin                                  build/stm32f1xx_hal_gpio.o
HAL_GPIO_ReadPin                                  build/stm32f1xx_hal_gpio.o
HAL_GPIO_TogglePin                                build/stm32f1xx_hal_gpio.o
HAL_GPIO_WritePin                                 build/stm32f1xx_hal_gpio.o
                                                  build/gpio.o
HAL_GetDEVID                                      build/stm32f1xx_hal.o
HAL_GetHalVersion                                 build/stm32f1xx_hal.o
HAL_GetREVID                                      build/stm32f1xx_hal.o
HAL_GetTick                                       build/stm32f1xx_hal.o
                                                  build/stm32f1xx_hal_uart.o
                                                  build/stm32f1xx_hal_spi.o
                                                  build/stm32f1xx_hal_i2c.o
                                                  build/stm32f1xx_hal_flash.o
                                                  build/stm32f1xx_hal_dma.o
                                                  build/stm32f1xx_hal_rcc_ex.o
                                                  build/stm32f1xx_hal_rcc.o
HAL_GetTickFreq                                   build/stm32f1xx_hal.o
HAL_GetTickPrio                                   build/stm32f1xx_hal.o
HAL_GetUIDw0                                      build/stm32f1xx_hal.o
HAL_GetUIDw1                                      build/stm32f1xx_hal.o
HAL_GetUIDw2                                      build/stm32f1xx_hal.o
HAL_HalfDuplex_EnableReceiver                     build/stm32f1xx_hal_uart.o
HAL_HalfDuplex_EnableTransmitter                  build/stm32f1xx_hal_uart.o
HAL_HalfDuplex_Init                               build/stm32f1xx_hal_uart.o
HAL_I2C_AbortCpltCallback                         build/stm32f1xx_hal_i2c.o
HAL_I2C_AddrCallback                              build/stm32f1xx_hal_i2c.o
HAL_I2C_DeInit                                    build/stm32f1xx_hal_i2c.o
HAL_I2C_DisableListen_IT                          build/stm32f1xx_hal_i2c.o
HAL_I2C_ER_IRQHandler                             build/stm32f1xx_hal_i2c.o
HAL_I2C_EV_IRQHandler                             build/stm32f1xx_hal_i2c.o
HAL_I2C_EnableListen_IT                           build/stm32f1xx_hal_i2c.o
HAL_I2C_ErrorCallback                             build/stm32f1xx_hal_i2c.o
HAL_I2C_GetError                                  build/stm32f1xx_hal_i2c.o
HAL_I2C_GetMode                                   build/stm32f1xx_hal_i2c.o
HAL_I2C_GetState                                  build/stm32f1xx_hal_i2c.o
HAL_I2C_Init                                      build/stm32f1xx_hal_i2c.o
                                                  build/i2c.o
HAL_I2C_IsDeviceReady                             build/stm32f1xx_hal_i2c.o
HAL_I2C_ListenCpltCallback                        build/stm32f1xx_hal_i2c.o
HAL_I2C_MasterRxCpltCallback                      build/stm32f1xx_hal_i2c.o
HAL_I2C_MasterTxCpltCallback                      build/stm32f1xx_hal_i2c.o
HAL_I2C_Master_Abort_IT                           build/stm32f1xx_hal_i2c.o
HAL_I2C_Master_Receive                            build/stm32f1xx_hal_i2c.o
HAL_I2C_Master_Receive_DMA                        build/stm32f1xx_hal_i2c.o
HAL_I2C_Master_Receive_IT                         build/stm32f1xx_hal_i2c.o
HAL_I2C_Master_Seq_Receive_DMA                    build/stm32f1xx_hal_i2c.o
HAL_I2C_Master_Seq_Receive_IT                     build/stm32f1xx_hal_i2c.o
HAL_I2C_Master_Seq_Transmit_DMA                   build/stm32f1xx_hal_i2c.o
HAL_I2C_Master_Seq_Transmit_IT                    build/stm32f1xx_hal_i2c.o
HAL_I2C_Master_Transmit                           build/stm32f1xx_hal_i2c.o
HAL_I2C_Master_Transmit_DMA                       build/stm32f1xx_hal_i2c.o
HAL_I2C_Master_Transmit_IT                        build/stm32f1xx_hal_i2c.o
HAL_I2C_MemRxCpltCallback                         build/stm32f1xx_hal_i2c.o
HAL_I2C_MemTxCpltCallback                         build/stm32f1xx_hal_i2c.o
HAL_I2C_Mem_Read                                  build/stm32f1xx_hal_i2c.o
HAL_I2C_Mem_Read_DMA                              build/stm32f1xx_hal_i2c.o
HAL_I2C_Mem_Read_IT                               build/stm32f1xx_hal_i2c.o
HAL_I2C_Mem_Write                                 build/stm32f1xx_hal_i2c.o
HAL_I2C_Mem_Write_DMA                             build/stm32f1xx_hal_i2c.o
HAL_I2C_Mem_Write_IT                              build/stm32f1xx_hal_i2c.o
HAL_I2C_MspDeInit                                 build/i2c.o
HAL_I2C_MspInit                                   build/i2c.o
HAL_I2C_SlaveRxCpltCallback                       build/stm32f1xx_hal_i2c.o
HAL_I2C_SlaveTxCpltCallback                       build/stm32f1xx_hal_i2c.o
HAL_I2C_Slave_Receive                             build/stm32f1xx_hal_i2c.o
HAL_I2C_Slave_Receive_DMA                         build/stm32f1xx_hal_i2c.o
HAL_I2C_Slave_Receive_IT                          build/stm32f1xx_hal_i2c.o
HAL_I2C_Slave_Seq_Receive_DMA                     build/stm32f1xx_hal_i2c.o
HAL_I2C_Slave_Seq_Receive_IT                      build/stm32f1xx_hal_i2c.o
HAL_I2C_Slave_Seq_Transmit_DMA                    build/stm32f1xx_hal_i2c.o
HAL_I2C_Slave_Seq_Transmit_IT                     build/stm32f1xx_hal_i2c.o
HAL_I2C_Slave_Transmit                            build/stm32f1xx_hal_i2c.o
HAL_I2C_Slave_Transmit_DMA                        build/stm32f1xx_hal_i2c.o
HAL_I2C_Slave_Transmit_IT                         build/stm32f1xx_hal_i2c.o
HAL_IncTick                                       build/stm32f1xx_hal.o
                                                  build/stm32f1xx_it.o
HAL_Init                                          build/stm32f1xx_hal.o
                                                  build/main.o
HAL_InitTick                                      build/stm32f1xx_hal.o
                                                  build/stm32f1xx_hal_rcc.o
HAL_LIN_Init                                      build/stm32f1xx_hal_uart.o
HAL_LIN_SendBreak                                 build/stm32f1xx_hal_uart.o
HAL_MspDeInit                                     build/stm32f1xx_hal.o
HAL_MspInit                                       build/stm32f1xx_hal_msp.o
HAL_MultiProcessor_EnterMuteMode                  build/stm32f1xx_hal_uart.o
HAL_MultiProcessor_ExitMuteMode                   build/stm32f1xx_hal_uart.o
HAL_MultiProcessor_Init                           build/stm32f1xx_hal_uart.o
HAL_NVIC_ClearPendingIRQ                          build/stm32f1xx_hal_cortex.o
HAL_NVIC_DisableIRQ                               build/stm32f1xx_hal_cortex.o
HAL_NVIC_EnableIRQ                                build/stm32f1xx_hal_cortex.o
HAL_NVIC_GetActive                                build/stm32f1xx_hal_cortex.o
HAL_NVIC_GetPendingIRQ                            build/stm32f1xx_hal_cortex.o
HAL_NVIC_GetPriority                              build/stm32f1xx_hal_cortex.o
HAL_NVIC_GetPriorityGrouping                      build/stm32f1xx_hal_cortex.o
HAL_NVIC_SetPendingIRQ                            build/stm32f1xx_hal_cortex.o
HAL_NVIC_SetPriority                              build/stm32f1xx_hal_cortex.o
                                                  build/stm32f1xx_hal.o
                                                  build/stm32f1xx_hal_msp.o
HAL_NVIC_SetPriorityGrouping                      build/stm32f1xx_hal_cortex.o
                                                  build/stm32f1xx_hal.o
HAL_NVIC_SystemReset                              build/stm32f1xx_hal_cortex.o
                                                  build/stm32f1xx_hal_flash.o
HAL_PWR_ConfigPVD                                 build/stm32f1xx_hal_pwr.o
HAL_PWR_DeInit                                    build/stm32f1xx_hal_pwr.o
HAL_PWR_DisableBkUpAccess                         build/stm32f1xx_hal_pwr.o
HAL_PWR_DisablePVD                                build/stm32f1xx_hal_pwr.o
HAL_PWR_DisableSEVOnPend                          build/stm32f1xx_hal_pwr.o
HAL_PWR_DisableSleepOnExit                        build/stm32f1xx_hal_pwr.o
HAL_PWR_DisableWakeUpPin                          build/stm32f1xx_hal_pwr.o
HAL_PWR_EnableBkUpAccess                          build/stm32f1xx_hal_pwr.o
HAL_PWR_EnablePVD                                 build/stm32f1xx_hal_pwr.o
HAL_PWR_EnableSEVOnPend                           build/stm32f1xx_hal_pwr.o
HAL_PWR_EnableSleepOnExit                         build/stm32f1xx_hal_pwr.o
HAL_PWR_EnableWakeUpPin                           build/stm32f1xx_hal_pwr.o
HAL_PWR_EnterSLEEPMode                            build/stm32f1xx_hal_pwr.o
HAL_PWR_EnterSTANDBYMode                          build/stm32f1xx_hal_pwr.o
HAL_PWR_EnterSTOPMode                             build/stm32f1xx_hal_pwr.o
HAL_PWR_PVDCallback                               build/stm32f1xx_hal_pwr.o
HAL_PWR_PVD_IRQHandler                            build/stm32f1xx_hal_pwr.o
HAL_RCCEx_GetPeriphCLKConfig                      build/stm32f1xx_hal_rcc_ex.o
HAL_RCCEx_GetPeriphCLKFreq                        build/stm32f1xx_hal_rcc_ex.o
HAL_RCCEx_PeriphCLKConfig                         build/stm32f1xx_hal_rcc_ex.o
HAL_RCC_CSSCallback                               build/stm32f1xx_hal_rcc.o
HAL_RCC_ClockConfig                               build/stm32f1xx_hal_rcc.o
                                                  build/main.o
HAL_RCC_DeInit                                    build/stm32f1xx_hal_rcc.o
HAL_RCC_DisableCSS                                build/stm32f1xx_hal_rcc.o
HAL_RCC_EnableCSS                                 build/stm32f1xx_hal_rcc.o
HAL_RCC_GetClockConfig                            build/stm32f1xx_hal_rcc.o
HAL_RCC_GetHCLKFreq                               build/stm32f1xx_hal_rcc.o
HAL_RCC_GetOscConfig                              build/stm32f1xx_hal_rcc.o
HAL_RCC_GetPCLK1Freq                              build/stm32f1xx_hal_rcc.o
                                                  build/stm32f1xx_hal_uart.o
                                                  build/stm32f1xx_hal_i2c.o
HAL_RCC_GetPCLK2Freq                              build/stm32f1xx_hal_rcc.o
                                                  build/stm32f1xx_hal_uart.o
                                                  build/stm32f1xx_hal_rcc_ex.o
HAL_RCC_GetSysClockFreq                           build/stm32f1xx_hal_rcc.o
HAL_RCC_MCOConfig                                 build/stm32f1xx_hal_rcc.o
HAL_RCC_NMI_IRQHandler                            build/stm32f1xx_hal_rcc.o
HAL_RCC_OscConfig                                 build/stm32f1xx_hal_rcc.o
                                                  build/main.o
HAL_ResumeTick                                    build/stm32f1xx_hal.o
HAL_SPI_Abort                                     build/stm32f1xx_hal_spi.o
HAL_SPI_AbortCpltCallback                         build/stm32f1xx_hal_spi.o
HAL_SPI_Abort_IT                                  build/stm32f1xx_hal_spi.o
HAL_SPI_DMAPause                                  build/stm32f1xx_hal_spi.o
HAL_SPI_DMAResume                                 build/stm32f1xx_hal_spi.o
HAL_SPI_DMAStop                                   build/stm32f1xx_hal_spi.o
HAL_SPI_DeInit                                    build/stm32f1xx_hal_spi.o
HAL_SPI_ErrorCallback                             build/stm32f1xx_hal_spi.o
HAL_SPI_GetError                                  build/stm32f1xx_hal_spi.o
HAL_SPI_GetState                                  build/stm32f1xx_hal_spi.o
HAL_SPI_IRQHandler                                build/stm32f1xx_hal_spi.o
HAL_SPI_Init                                      build/stm32f1xx_hal_spi.o
                                                  build/spi.o
HAL_SPI_MspDeInit                                 build/spi.o
HAL_SPI_MspInit                                   build/spi.o
HAL_SPI_Receive                                   build/stm32f1xx_hal_spi.o
HAL_SPI_Receive_DMA                               build/stm32f1xx_hal_spi.o
HAL_SPI_Receive_IT                                build/stm32f1xx_hal_spi.o
HAL_SPI_RxCpltCallback                            build/stm32f1xx_hal_spi.o
HAL_SPI_RxHalfCpltCallback                        build/stm32f1xx_hal_spi.o
HAL_SPI_Transmit                                  build/stm32f1xx_hal_spi.o
HAL_SPI_TransmitReceive                           build/stm32f1xx_hal_spi.o
HAL_SPI_TransmitReceive_DMA                       build/stm32f1xx_hal_spi.o
HAL_SPI_TransmitReceive_IT                        build/stm32f1xx_hal_spi.o
HAL_SPI_Transmit_DMA                              build/stm32f1xx_hal_spi.o
HAL_SPI_Transmit_IT                               build/stm32f1xx_hal_spi.o
HAL_SPI_TxCpltCallback                            build/stm32f1xx_hal_spi.o
HAL_SPI_TxHalfCpltCallback                        build/stm32f1xx_hal_spi.o
HAL_SPI_TxRxCpltCallback                          build/stm32f1xx_hal_spi.o
HAL_SPI_TxRxHalfCpltCallback                      build/stm32f1xx_hal_spi.o
HAL_SYSTICK_CLKSourceConfig                       build/stm32f1xx_hal_cortex.o
HAL_SYSTICK_Callback                              build/stm32f1xx_hal_cortex.o
HAL_SYSTICK_Config                                build/stm32f1xx_hal_cortex.o
                                                  build/stm32f1xx_hal.o
HAL_SYSTICK_IRQHandler                            build/stm32f1xx_hal_cortex.o
HAL_SetTickFreq                                   build/stm32f1xx_hal.o
HAL_SuspendTick                                   build/stm32f1xx_hal.o
HAL_UARTEx_ReceiveToIdle                          build/stm32f1xx_hal_uart.o
HAL_UARTEx_ReceiveToIdle_DMA                      build/stm32f1xx_hal_uart.o
HAL_UARTEx_ReceiveToIdle_IT                       build/stm32f1xx_hal_uart.o
HAL_UARTEx_RxEventCallback                        build/stm32f1xx_hal_uart.o
HAL_UART_Abort                                    build/stm32f1xx_hal_uart.o
HAL_UART_AbortCpltCallback                        build/stm32f1xx_hal_uart.o
HAL_UART_AbortReceive                             build/stm32f1xx_hal_uart.o
HAL_UART_AbortReceiveCpltCallback                 build/stm32f1xx_hal_uart.o
HAL_UART_AbortReceive_IT                          build/stm32f1xx_hal_uart.o
HAL_UART_AbortTransmit                            build/stm32f1xx_hal_uart.o
HAL_UART_AbortTransmitCpltCallback                build/stm32f1xx_hal_uart.o
HAL_UART_AbortTransmit_IT                         build/stm32f1xx_hal_uart.o
HAL_UART_Abort_IT                                 build/stm32f1xx_hal_uart.o
HAL_UART_DMAPause                                 build/stm32f1xx_hal_uart.o
HAL_UART_DMAResume                                build/stm32f1xx_hal_uart.o
HAL_UART_DMAStop                                  build/stm32f1xx_hal_uart.o
HAL_UART_DeInit                                   build/stm32f1xx_hal_uart.o
HAL_UART_ErrorCallback                            build/stm32f1xx_hal_uart.o
HAL_UART_GetError                                 build/stm32f1xx_hal_uart.o
HAL_UART_GetState                                 build/stm32f1xx_hal_uart.o
HAL_UART_IRQHandler                               build/stm32f1xx_hal_uart.o
HAL_UART_Init                                     build/stm32f1xx_hal_uart.o
                                                  build/usart.o
HAL_UART_MspDeInit                                build/usart.o
HAL_UART_MspInit                                  build/usart.o
HAL_UART_Receive                                  build/stm32f1xx_hal_uart.o
HAL_UART_Receive_DMA                              build/stm32f1xx_hal_uart.o
HAL_UART_Receive_IT                               build/stm32f1xx_hal_uart.o
HAL_UART_RxCpltCallback                           build/stm32f1xx_hal_uart.o
HAL_UART_RxHalfCpltCallback                       build/stm32f1xx_hal_uart.o
HAL_UART_Transmit                                 build/stm32f1xx_hal_uart.o
HAL_UART_Transmit_DMA                             build/stm32f1xx_hal_uart.o
HAL_UART_Transmit_IT                              build/stm32f1xx_hal_uart.o
HAL_UART_TxCpltCallback                           build/stm32f1xx_hal_uart.o
HAL_UART_TxHalfCpltCallback                       build/stm32f1xx_hal_uart.o
HardFault_Handler                                 build/stm32f1xx_it.o
I2C1_ER_IRQHandler                                build/startup_stm32f103xb.o
I2C1_EV_IRQHandler                                build/startup_stm32f103xb.o
I2C2_ER_IRQHandler                                build/startup_stm32f103xb.o
I2C2_EV_IRQHandler                                build/startup_stm32f103xb.o
MX_FREERTOS_Init                                  build/freertos.o
                                                  build/main.o
MX_GPIO_Init                                      build/gpio.o
                                                  build/main.o
MX_I2C1_Init                                      build/i2c.o
                                                  build/main.o
MX_SPI2_Init                                      build/spi.o
                                                  build/main.o
MX_USART1_UART_Init                               build/usart.o
                                                  build/main.o
MemManage_Handler                                 build/stm32f1xx_it.o
NMI_Handler                                       build/stm32f1xx_it.o
PVD_IRQHandler                                    build/startup_stm32f103xb.o
PendSV_Handler                                    build/port.o
RCC_IRQHandler                                    build/startup_stm32f103xb.o
RTC_Alarm_IRQHandler                              build/startup_stm32f103xb.o
RTC_IRQHandler                                    build/startup_stm32f103xb.o
Reset_Handler                                     build/startup_stm32f103xb.o
SEGGER_RTT_AllocDownBuffer                        build/SEGGER_RTT.o
SEGGER_RTT_AllocUpBuffer                          build/SEGGER_RTT.o
SEGGER_RTT_ConfigDownBuffer                       build/SEGGER_RTT.o
SEGGER_RTT_ConfigUpBuffer                         build/SEGGER_RTT.o
SEGGER_RTT_GetKey                                 build/SEGGER_RTT.o
SEGGER_RTT_HasData                                build/SEGGER_RTT.o
SEGGER_RTT_HasKey                                 build/SEGGER_RTT.o
SEGGER_RTT_Init                                   build/SEGGER_RTT.o
SEGGER_RTT_Read                                   build/SEGGER_RTT.o
SEGGER_RTT_ReadNoLock                             build/SEGGER_RTT.o
SEGGER_RTT_SetFlagsDownBuffer                     build/SEGGER_RTT.o
SEGGER_RTT_SetFlagsUpBuffer                       build/SEGGER_RTT.o
SEGGER_RTT_SetNameDownBuffer                      build/SEGGER_RTT.o
SEGGER_RTT_SetNameUpBuffer                        build/SEGGER_RTT.o
SEGGER_RTT_SetTerminal                            build/SEGGER_RTT.o
SEGGER_RTT_TerminalOut                            build/SEGGER_RTT.o
SEGGER_RTT_WaitKey                                build/SEGGER_RTT.o
SEGGER_RTT_Write                                  build/SEGGER_RTT.o
                                                  build/SEGGER_RTT_printf.o
SEGGER_RTT_WriteNoLock                            build/SEGGER_RTT.o
SEGGER_RTT_WriteSkipNoLock                        build/SEGGER_RTT.o
SEGGER_RTT_WriteString                            build/SEGGER_RTT.o
SEGGER_RTT_WriteWithOverwriteNoLock               build/SEGGER_RTT.o
SEGGER_RTT_printf                                 build/SEGGER_RTT_printf.o
SEGGER_RTT_vprintf                                build/SEGGER_RTT_printf.o
SPI1_IRQHandler                                   build/startup_stm32f103xb.o
SPI2_IRQHandler                                   build/startup_stm32f103xb.o
SVC_Handler                                       build/port.o
StartDefaultTask                                  build/freertos.o
SysTick_Handler                                   build/stm32f1xx_it.o
SystemClock_Config                                build/main.o
SystemCoreClock                                   build/system_stm32f1xx.o
                                                  build/port.o
                                                  build/stm32f1xx_hal_spi.o
                                                  build/stm32f1xx_hal_i2c.o
                                                  build/stm32f1xx_hal_rcc.o
                                                  build/stm32f1xx_hal.o
SystemCoreClockUpdate                             build/system_stm32f1xx.o
SystemInit                                        build/system_stm32f1xx.o
                                                  build/startup_stm32f103xb.o
TAMPER_IRQHandler                                 build/startup_stm32f103xb.o
TIM1_BRK_IRQHandler                               build/startup_stm32f103xb.o
TIM1_CC_IRQHandler                                build/startup_stm32f103xb.o
TIM1_TRG_COM_IRQHandler                           build/startup_stm32f103xb.o
TIM1_UP_IRQHandler                                build/startup_stm32f103xb.o
TIM2_IRQHandler                                   build/startup_stm32f103xb.o
TIM3_IRQHandler                                   build/startup_stm32f103xb.o
TIM4_IRQHandler                                   build/startup_stm32f103xb.o
UART_Start_Receive_DMA                            build/stm32f1xx_hal_uart.o
UART_Start_Receive_IT                             build/stm32f1xx_hal_uart.o
USART1_IRQHandler                                 build/startup_stm32f103xb.o
USART2_IRQHandler                                 build/startup_stm32f103xb.o
USART3_IRQHandler                                 build/startup_stm32f103xb.o
USBWakeUp_IRQHandler                              build/startup_stm32f103xb.o
USB_HP_CAN1_TX_IRQHandler                         build/startup_stm32f103xb.o
USB_LP_CAN1_RX0_IRQHandler                        build/startup_stm32f103xb.o
UsageFault_Handler                                build/stm32f1xx_it.o
WWDG_IRQHandler                                   build/startup_stm32f103xb.o
_SEGGER_RTT                                       build/SEGGER_RTT.o
__bss_end__                                       /opt/gcc-arm-none-eabi-9-2020-q2-update/bin/../lib/gcc/arm-none-eabi/9.3.1/../../../../arm-none-eabi/lib/thumb/v7-m/nofp/crt0.o
__bss_start__                                     /opt/gcc-arm-none-eabi-9-2020-q2-update/bin/../lib/gcc/arm-none-eabi/9.3.1/../../../../arm-none-eabi/lib/thumb/v7-m/nofp/crt0.o
__call_exitprocs                                  /opt/gcc-arm-none-eabi-9-2020-q2-update/bin/../lib/gcc/arm-none-eabi/9.3.1/../../../../arm-none-eabi/lib/thumb/v7-m/nofp/libc_nano.a(lib_a-exit.o)
__deregister_frame_info                           /opt/gcc-arm-none-eabi-9-2020-q2-update/bin/../lib/gcc/arm-none-eabi/9.3.1/thumb/v7-m/nofp/crtbegin.o
__dso_handle                                      /opt/gcc-arm-none-eabi-9-2020-q2-update/bin/../lib/gcc/arm-none-eabi/9.3.1/thumb/v7-m/nofp/crtbegin.o
__init_array_end                                  /opt/gcc-arm-none-eabi-9-2020-q2-update/bin/../lib/gcc/arm-none-eabi/9.3.1/../../../../arm-none-eabi/lib/thumb/v7-m/nofp/libc_nano.a(lib_a-init.o)
__init_array_start                                /opt/gcc-arm-none-eabi-9-2020-q2-update/bin/../lib/gcc/arm-none-eabi/9.3.1/../../../../arm-none-eabi/lib/thumb/v7-m/nofp/libc_nano.a(lib_a-init.o)
__libc_fini_array                                 /opt/gcc-arm-none-eabi-9-2020-q2-update/bin/../lib/gcc/arm-none-eabi/9.3.1/../../../../arm-none-eabi/lib/thumb/v7-m/nofp/crt0.o
__libc_init_array                                 /opt/gcc-arm-none-eabi-9-2020-q2-update/bin/../lib/gcc/arm-none-eabi/9.3.1/../../../../arm-none-eabi/lib/thumb/v7-m/nofp/libc_nano.a(lib_a-init.o)
                                                  build/startup_stm32f103xb.o
                                                  /opt/gcc-arm-none-eabi-9-2020-q2-update/bin/../lib/gcc/arm-none-eabi/9.3.1/../../../../arm-none-eabi/lib/thumb/v7-m/nofp/crt0.o
__preinit_array_end                               /opt/gcc-arm-none-eabi-9-2020-q2-update/bin/../lib/gcc/arm-none-eabi/9.3.1/../../../../arm-none-eabi/lib/thumb/v7-m/nofp/libc_nano.a(lib_a-init.o)
__preinit_array_start                             /opt/gcc-arm-none-eabi-9-2020-q2-update/bin/../lib/gcc/arm-none-eabi/9.3.1/../../../../arm-none-eabi/lib/thumb/v7-m/nofp/libc_nano.a(lib_a-init.o)
__register_frame_info                             /opt/gcc-arm-none-eabi-9-2020-q2-update/bin/../lib/gcc/arm-none-eabi/9.3.1/thumb/v7-m/nofp/crtbegin.o
__sf_fake_stderr                                  /opt/gcc-arm-none-eabi-9-2020-q2-update/bin/../lib/gcc/arm-none-eabi/9.3.1/../../../../arm-none-eabi/lib/thumb/v7-m/nofp/libc_nano.a(lib_a-impure.o)
__sf_fake_stdin                                   /opt/gcc-arm-none-eabi-9-2020-q2-update/bin/../lib/gcc/arm-none-eabi/9.3.1/../../../../arm-none-eabi/lib/thumb/v7-m/nofp/libc_nano.a(lib_a-impure.o)
__sf_fake_stdout                                  /opt/gcc-arm-none-eabi-9-2020-q2-update/bin/../lib/gcc/arm-none-eabi/9.3.1/../../../../arm-none-eabi/lib/thumb/v7-m/nofp/libc_nano.a(lib_a-impure.o)
__stack                                           /opt/gcc-arm-none-eabi-9-2020-q2-update/bin/../lib/gcc/arm-none-eabi/9.3.1/../../../../arm-none-eabi/lib/thumb/v7-m/nofp/crt0.o
_ebss                                             build/startup_stm32f103xb.o
_edata                                            build/startup_stm32f103xb.o
_estack                                           build/startup_stm32f103xb.o
_exit                                             /opt/gcc-arm-none-eabi-9-2020-q2-update/bin/../lib/gcc/arm-none-eabi/9.3.1/../../../../arm-none-eabi/lib/thumb/v7-m/nofp/libnosys.a(_exit.o)
                                                  /opt/gcc-arm-none-eabi-9-2020-q2-update/bin/../lib/gcc/arm-none-eabi/9.3.1/../../../../arm-none-eabi/lib/thumb/v7-m/nofp/libc_nano.a(lib_a-exit.o)
_fini                                             /opt/gcc-arm-none-eabi-9-2020-q2-update/bin/../lib/gcc/arm-none-eabi/9.3.1/thumb/v7-m/nofp/crti.o
_global_impure_ptr                                /opt/gcc-arm-none-eabi-9-2020-q2-update/bin/../lib/gcc/arm-none-eabi/9.3.1/../../../../arm-none-eabi/lib/thumb/v7-m/nofp/libc_nano.a(lib_a-impure.o)
                                                  /opt/gcc-arm-none-eabi-9-2020-q2-update/bin/../lib/gcc/arm-none-eabi/9.3.1/../../../../arm-none-eabi/lib/thumb/v7-m/nofp/libc_nano.a(lib_a-exit.o)
_impure_ptr                                       /opt/gcc-arm-none-eabi-9-2020-q2-update/bin/../lib/gcc/arm-none-eabi/9.3.1/../../../../arm-none-eabi/lib/thumb/v7-m/nofp/libc_nano.a(lib_a-impure.o)
_init                                             /opt/gcc-arm-none-eabi-9-2020-q2-update/bin/../lib/gcc/arm-none-eabi/9.3.1/thumb/v7-m/nofp/crti.o
                                                  /opt/gcc-arm-none-eabi-9-2020-q2-update/bin/../lib/gcc/arm-none-eabi/9.3.1/../../../../arm-none-eabi/lib/thumb/v7-m/nofp/libc_nano.a(lib_a-init.o)
_mainCRTStartup                                   /opt/gcc-arm-none-eabi-9-2020-q2-update/bin/../lib/gcc/arm-none-eabi/9.3.1/../../../../arm-none-eabi/lib/thumb/v7-m/nofp/crt0.o
_sbss                                             build/startup_stm32f103xb.o
_sdata                                            build/startup_stm32f103xb.o
_sidata                                           build/startup_stm32f103xb.o
_stack_init                                       /opt/gcc-arm-none-eabi-9-2020-q2-update/bin/../lib/gcc/arm-none-eabi/9.3.1/../../../../arm-none-eabi/lib/thumb/v7-m/nofp/crt0.o
_start                                            /opt/gcc-arm-none-eabi-9-2020-q2-update/bin/../lib/gcc/arm-none-eabi/9.3.1/../../../../arm-none-eabi/lib/thumb/v7-m/nofp/crt0.o
atexit                                            /opt/gcc-arm-none-eabi-9-2020-q2-update/bin/../lib/gcc/arm-none-eabi/9.3.1/../../../../arm-none-eabi/lib/thumb/v7-m/nofp/crt0.o
defaultTaskHandle                                 build/freertos.o
exit                                              /opt/gcc-arm-none-eabi-9-2020-q2-update/bin/../lib/gcc/arm-none-eabi/9.3.1/../../../../arm-none-eabi/lib/thumb/v7-m/nofp/libc_nano.a(lib_a-exit.o)
                                                  /opt/gcc-arm-none-eabi-9-2020-q2-update/bin/../lib/gcc/arm-none-eabi/9.3.1/../../../../arm-none-eabi/lib/thumb/v7-m/nofp/crt0.o
g_pfnVectors                                      build/startup_stm32f103xb.o
hardware_init_hook                                /opt/gcc-arm-none-eabi-9-2020-q2-update/bin/../lib/gcc/arm-none-eabi/9.3.1/../../../../arm-none-eabi/lib/thumb/v7-m/nofp/crt0.o
hi2c1                                             build/i2c.o
hspi2                                             build/spi.o
huart1                                            build/usart.o
main                                              build/main.o
                                                  build/startup_stm32f103xb.o
                                                  /opt/gcc-arm-none-eabi-9-2020-q2-update/bin/../lib/gcc/arm-none-eabi/9.3.1/../../../../arm-none-eabi/lib/thumb/v7-m/nofp/crt0.o
memcpy                                            /opt/gcc-arm-none-eabi-9-2020-q2-update/bin/../lib/gcc/arm-none-eabi/9.3.1/../../../../arm-none-eabi/lib/thumb/v7-m/nofp/libc_nano.a(lib_a-memcpy-stub.o)
                                                  build/SEGGER_RTT.o
                                                  build/stream_buffer.o
                                                  build/queue.o
memset                                            /opt/gcc-arm-none-eabi-9-2020-q2-update/bin/../lib/gcc/arm-none-eabi/9.3.1/../../../../arm-none-eabi/lib/thumb/v7-m/nofp/libc_nano.a(lib_a-memset.o)
                                                  build/stream_buffer.o
                                                  /opt/gcc-arm-none-eabi-9-2020-q2-update/bin/../lib/gcc/arm-none-eabi/9.3.1/../../../../arm-none-eabi/lib/thumb/v7-m/nofp/crt0.o
osAbortDelay                                      build/cmsis_os.o
osDelay                                           build/cmsis_os.o
                                                  build/freertos.o
osDelayUntil                                      build/cmsis_os.o
osKernelRunning                                   build/cmsis_os.o
osKernelStart                                     build/cmsis_os.o
                                                  build/main.o
osKernelSysTick                                   build/cmsis_os.o
osMailAlloc                                       build/cmsis_os.o
osMailCAlloc                                      build/cmsis_os.o
osMailCreate                                      build/cmsis_os.o
osMailFree                                        build/cmsis_os.o
osMailGet                                         build/cmsis_os.o
osMailPut                                         build/cmsis_os.o
osMessageAvailableSpace                           build/cmsis_os.o
osMessageCreate                                   build/cmsis_os.o
osMessageDelete                                   build/cmsis_os.o
osMessageGet                                      build/cmsis_os.o
osMessagePeek                                     build/cmsis_os.o
osMessagePut                                      build/cmsis_os.o
osMessageWaiting                                  build/cmsis_os.o
osMutexCreate                                     build/cmsis_os.o
osMutexDelete                                     build/cmsis_os.o
osMutexRelease                                    build/cmsis_os.o
osMutexWait                                       build/cmsis_os.o
osPoolAlloc                                       build/cmsis_os.o
osPoolCAlloc                                      build/cmsis_os.o
osPoolCreate                                      build/cmsis_os.o
osPoolFree                                        build/cmsis_os.o
osRecursiveMutexCreate                            build/cmsis_os.o
osRecursiveMutexRelease                           build/cmsis_os.o
osRecursiveMutexWait                              build/cmsis_os.o
osSemaphoreCreate                                 build/cmsis_os.o
osSemaphoreDelete                                 build/cmsis_os.o
osSemaphoreGetCount                               build/cmsis_os.o
osSemaphoreRelease                                build/cmsis_os.o
osSemaphoreWait                                   build/cmsis_os.o
osSignalSet                                       build/cmsis_os.o
osSignalWait                                      build/cmsis_os.o
osSystickHandler                                  build/cmsis_os.o
osThreadCreate                                    build/cmsis_os.o
                                                  build/freertos.o
osThreadGetId                                     build/cmsis_os.o
osThreadGetPriority                               build/cmsis_os.o
osThreadList                                      build/cmsis_os.o
osThreadResume                                    build/cmsis_os.o
osThreadResumeAll                                 build/cmsis_os.o
osThreadSetPriority                               build/cmsis_os.o
osThreadSuspend                                   build/cmsis_os.o
osThreadSuspendAll                                build/cmsis_os.o
osThreadTerminate                                 build/cmsis_os.o
osThreadYield                                     build/cmsis_os.o
osTimerCreate                                     build/cmsis_os.o
osTimerDelete                                     build/cmsis_os.o
osTimerStart                                      build/cmsis_os.o
osTimerStop                                       build/cmsis_os.o
pFlash                                            build/stm32f1xx_hal_flash.o
                                                  build/stm32f1xx_hal_flash_ex.o
pcQueueGetName                                    build/queue.o
pcTaskGetName                                     build/tasks.o
pvPortMalloc                                      build/heap_4.o
                                                  build/cmsis_os.o
                                                  build/tasks.o
                                                  build/stream_buffer.o
                                                  build/queue.o
                                                  build/event_groups.o
pvTaskIncrementMutexHeldCount                     build/tasks.o
                                                  build/queue.o
pxCurrentTCB                                      build/tasks.o
                                                  build/port.o
pxPortInitialiseStack                             build/port.o
                                                  build/tasks.o
software_init_hook                                /opt/gcc-arm-none-eabi-9-2020-q2-update/bin/../lib/gcc/arm-none-eabi/9.3.1/../../../../arm-none-eabi/lib/thumb/v7-m/nofp/crt0.o
strlen                                            /opt/gcc-arm-none-eabi-9-2020-q2-update/bin/../lib/gcc/arm-none-eabi/9.3.1/../../../../arm-none-eabi/lib/thumb/v7-m/nofp/libc_nano.a(lib_a-strlen.o)
                                                  build/SEGGER_RTT.o
ulTaskNotifyTake                                  build/tasks.o
uwTick                                            build/stm32f1xx_hal.o
uwTickFreq                                        build/stm32f1xx_hal.o
uwTickPrio                                        build/stm32f1xx_hal.o
                                                  build/stm32f1xx_hal_rcc.o
uxListRemove                                      build/list.o
                                                  build/tasks.o
uxQueueMessagesWaiting                            build/queue.o
                                                  build/cmsis_os.o
uxQueueMessagesWaitingFromISR                     build/queue.o
                                                  build/cmsis_os.o
uxQueueSpacesAvailable                            build/queue.o
                                                  build/cmsis_os.o
uxTaskGetNumberOfTasks                            build/tasks.o
uxTaskPriorityGet                                 build/tasks.o
                                                  build/cmsis_os.o
uxTaskPriorityGetFromISR                          build/tasks.o
                                                  build/cmsis_os.o
uxTaskResetEventItemValue                         build/tasks.o
                                                  build/event_groups.o
vApplicationGetIdleTaskMemory                     build/freertos.o
                                                  build/tasks.o
vEventGroupClearBitsCallback                      build/event_groups.o
vEventGroupDelete                                 build/event_groups.o
vEventGroupSetBitsCallback                        build/event_groups.o
vListInitialise                                   build/list.o
                                                  build/tasks.o
                                                  build/queue.o
                                                  build/event_groups.o
vListInitialiseItem                               build/list.o
                                                  build/tasks.o
vListInsert                                       build/list.o
                                                  build/tasks.o
vListInsertEnd                                    build/list.o
                                                  build/tasks.o
vPortEndScheduler                                 build/port.o
                                                  build/tasks.o
vPortEnterCritical                                build/port.o
                                                  build/cmsis_os.o
                                                  build/tasks.o
                                                  build/stream_buffer.o
                                                  build/queue.o
                                                  build/event_groups.o
vPortExitCritical                                 build/port.o
                                                  build/cmsis_os.o
                                                  build/tasks.o
                                                  build/stream_buffer.o
                                                  build/queue.o
                                                  build/event_groups.o
vPortFree                                         build/heap_4.o
                                                  build/cmsis_os.o
                                                  build/tasks.o
                                                  build/stream_buffer.o
                                                  build/queue.o
                                                  build/event_groups.o
vPortInitialiseBlocks                             build/heap_4.o
vPortSetupTimerInterrupt                          build/port.o
vPortValidateInterruptPriority                    build/port.o
                                                  build/tasks.o
                                                  build/queue.o
vQueueAddToRegistry                               build/queue.o
vQueueDelete                                      build/queue.o
                                                  build/cmsis_os.o
vQueueUnregisterQueue                             build/queue.o